Component: ARM Compiler 5.05 update 1 (build 106) Tool: armlink [4d0efa]

==============================================================================

Section Cross References

    main.o(i.main) refers to sys_fun.o(i.SystemClock_HSE) for SystemClock_HSE
    main.o(i.main) refers to stm32f10x_it.o(i.cycleCounterInit) for cycleCounterInit
    main.o(i.main) refers to usart1.o(i.UART1_init) for UART1_init
    main.o(i.main) refers to usart2.o(i.USART2_Init) for USART2_Init
    main.o(i.main) refers to spi.o(i.SPI1_Init) for SPI1_Init
    main.o(i.main) refers to tim.o(i.TIM4_Init) for TIM4_Init
    main.o(i.main) refers to sys_fun.o(i.NVIC_INIT) for NVIC_INIT
    main.o(i.main) refers to mpu6500_spi.o(i.MPU6500_spi_Init) for MPU6500_spi_Init
    main.o(i.main) refers to mpu6500_spi.o(i.MPU6500_Get_QuietData) for MPU6500_Get_QuietData
    main.o(i.main) refers to hmc5983_spi.o(i.HMC5983_spi_init) for HMC5983_spi_init
    main.o(i.main) refers to filter.o(i.Low_Passfilter_Init) for Low_Passfilter_Init
    main.o(i.main) refers to tim.o(i.loop) for loop
    main.o(i.main) refers to system_stm32f10x.o(.data) for SystemCoreClock
    main.o(i.main) refers to sys_fun.o(.data) for SysClock
    main.o(i.main) refers to main.o(.data) for system_status
    main.o(i.main) refers to main.o(.bss) for senser_datas
    system_stm32f10x.o(i.SetSysClock) refers to system_stm32f10x.o(i.SetSysClockTo72) for SetSysClockTo72
    system_stm32f10x.o(i.SystemCoreClockUpdate) refers to system_stm32f10x.o(.data) for SystemCoreClock
    system_stm32f10x.o(i.SystemInit) refers to system_stm32f10x.o(i.SetSysClock) for SetSysClock
    startup_stm32f10x_hd.o(STACK) refers (Special) to heapauxi.o(.text) for __use_two_region_memory
    startup_stm32f10x_hd.o(HEAP) refers (Special) to heapauxi.o(.text) for __use_two_region_memory
    startup_stm32f10x_hd.o(RESET) refers (Special) to heapauxi.o(.text) for __use_two_region_memory
    startup_stm32f10x_hd.o(RESET) refers to startup_stm32f10x_hd.o(STACK) for __initial_sp
    startup_stm32f10x_hd.o(RESET) refers to startup_stm32f10x_hd.o(.text) for Reset_Handler
    startup_stm32f10x_hd.o(RESET) refers to stm32f10x_it.o(i.NMI_Handler) for NMI_Handler
    startup_stm32f10x_hd.o(RESET) refers to stm32f10x_it.o(i.HardFault_Handler) for HardFault_Handler
    startup_stm32f10x_hd.o(RESET) refers to stm32f10x_it.o(i.MemManage_Handler) for MemManage_Handler
    startup_stm32f10x_hd.o(RESET) refers to stm32f10x_it.o(i.BusFault_Handler) for BusFault_Handler
    startup_stm32f10x_hd.o(RESET) refers to stm32f10x_it.o(i.UsageFault_Handler) for UsageFault_Handler
    startup_stm32f10x_hd.o(RESET) refers to stm32f10x_it.o(i.SVC_Handler) for SVC_Handler
    startup_stm32f10x_hd.o(RESET) refers to stm32f10x_it.o(i.DebugMon_Handler) for DebugMon_Handler
    startup_stm32f10x_hd.o(RESET) refers to stm32f10x_it.o(i.PendSV_Handler) for PendSV_Handler
    startup_stm32f10x_hd.o(RESET) refers to stm32f10x_it.o(i.SysTick_Handler) for SysTick_Handler
    startup_stm32f10x_hd.o(RESET) refers to u_100.o(i.EXTI1_IRQHandler) for EXTI1_IRQHandler
    startup_stm32f10x_hd.o(RESET) refers to tim.o(i.TIM4_IRQHandler) for TIM4_IRQHandler
    startup_stm32f10x_hd.o(RESET) refers to usart1.o(i.USART1_IRQHandler) for USART1_IRQHandler
    startup_stm32f10x_hd.o(RESET) refers to usart2.o(i.USART2_IRQHandler) for USART2_IRQHandler
    startup_stm32f10x_hd.o(.text) refers (Special) to heapauxi.o(.text) for __use_two_region_memory
    startup_stm32f10x_hd.o(.text) refers to system_stm32f10x.o(i.SystemInit) for SystemInit
    startup_stm32f10x_hd.o(.text) refers to __main.o(!!!main) for __main
    startup_stm32f10x_hd.o(.text) refers to startup_stm32f10x_hd.o(HEAP) for Heap_Mem
    startup_stm32f10x_hd.o(.text) refers to startup_stm32f10x_hd.o(STACK) for Stack_Mem
    stm32f10x_gpio.o(i.GPIO_AFIODeInit) refers to stm32f10x_rcc.o(i.RCC_APB2PeriphResetCmd) for RCC_APB2PeriphResetCmd
    stm32f10x_gpio.o(i.GPIO_DeInit) refers to stm32f10x_rcc.o(i.RCC_APB2PeriphResetCmd) for RCC_APB2PeriphResetCmd
    stm32f10x_rcc.o(i.RCC_GetClocksFreq) refers to stm32f10x_rcc.o(.data) for APBAHBPrescTable
    stm32f10x_rcc.o(i.RCC_WaitForHSEStartUp) refers to stm32f10x_rcc.o(i.RCC_GetFlagStatus) for RCC_GetFlagStatus
    stm32f10x_adc.o(i.ADC_DeInit) refers to stm32f10x_rcc.o(i.RCC_APB2PeriphResetCmd) for RCC_APB2PeriphResetCmd
    stm32f10x_bkp.o(i.BKP_DeInit) refers to stm32f10x_rcc.o(i.RCC_BackupResetCmd) for RCC_BackupResetCmd
    stm32f10x_can.o(i.CAN_DeInit) refers to stm32f10x_rcc.o(i.RCC_APB1PeriphResetCmd) for RCC_APB1PeriphResetCmd
    stm32f10x_can.o(i.CAN_GetITStatus) refers to stm32f10x_can.o(i.CheckITStatus) for CheckITStatus
    stm32f10x_cec.o(i.CEC_DeInit) refers to stm32f10x_rcc.o(i.RCC_APB1PeriphResetCmd) for RCC_APB1PeriphResetCmd
    stm32f10x_dac.o(i.DAC_DeInit) refers to stm32f10x_rcc.o(i.RCC_APB1PeriphResetCmd) for RCC_APB1PeriphResetCmd
[...]
    x$fpl$usenofp                            0x08006df6   Section        0  usenofp.o(x$fpl$usenofp)
    .constdata                               0x08006df8   Section       80  asin.o(.constdata)
    pS                                       0x08006df8   Data          48  asin.o(.constdata)
    qS                                       0x08006e28   Data          32  asin.o(.constdata)
    .constdata                               0x08006e48   Section      152  atan.o(.constdata)
    atanhi                                   0x08006e48   Data          32  atan.o(.constdata)
    atanlo                                   0x08006e68   Data          32  atan.o(.constdata)
    aTodd                                    0x08006e88   Data          40  atan.o(.constdata)
    aTeven                                   0x08006eb0   Data          48  atan.o(.constdata)
    .constdata                               0x08006ee0   Section        8  qnan.o(.constdata)
    .constdata                               0x08006ee8   Section       32  rredf.o(.constdata)
    twooverpi                                0x08006ee8   Data          32  rredf.o(.constdata)
    .data                                    0x20000000   Section        6  main.o(.data)
    .data                                    0x20000008   Section       20  system_stm32f10x.o(.data)
    .data                                    0x2000001c   Section       20  stm32f10x_rcc.o(.data)
    APBAHBPrescTable                         0x2000001c   Data          16  stm32f10x_rcc.o(.data)
    ADCPrescTable                            0x2000002c   Data           4  stm32f10x_rcc.o(.data)
    .data                                    0x20000030   Section        8  stm32f10x_it.o(.data)
    usTicks                                  0x20000030   Data           4  stm32f10x_it.o(.data)
    .data                                    0x20000038   Section        8  usart1.o(.data)
    checksum                                 0x2000003d   Data           1  usart1.o(.data)
    t                                        0x2000003e   Data           1  usart1.o(.data)
    t                                        0x2000003f   Data           1  usart1.o(.data)
    .data                                    0x20000040   Section        1  sys_fun.o(.data)
    .data                                    0x20000041   Section        5  tim.o(.data)
    .data                                    0x20000048   Section      192  filter.o(.data)
    _cutoff_freq1                            0x20000048   Data           4  filter.o(.data)
    _a11                                     0x2000004c   Data           4  filter.o(.data)
    _a21                                     0x20000050   Data           4  filter.o(.data)
    _b01                                     0x20000054   Data           4  filter.o(.data)
    _b11                                     0x20000058   Data           4  filter.o(.data)
    _b21                                     0x2000005c   Data           4  filter.o(.data)
    _delay_element_11                        0x20000060   Data           4  filter.o(.data)
    _delay_element_21                        0x20000064   Data           4  filter.o(.data)
    _cutoff_freq2                            0x20000068   Data           4  filter.o(.data)
    _a12                                     0x2000006c   Data           4  filter.o(.data)
    _a22                                     0x20000070   Data           4  filter.o(.data)
    _b02                                     0x20000074   Data           4  filter.o(.data)
    _b12                                     0x20000078   Data           4  filter.o(.data)
    _b22                                     0x2000007c   Data           4  filter.o(.data)
    _delay_element_12                        0x20000080   Data           4  filter.o(.data)
    _delay_element_22                        0x20000084   Data           4  filter.o(.data)
    _cutoff_freq3                            0x20000088   Data           4  filter.o(.data)
    _a13                                     0x2000008c   Data           4  filter.o(.data)
    _a23                                     0x20000090   Data           4  filter.o(.data)
    _b03                                     0x20000094   Data           4  filter.o(.data)
    _b13                                     0x20000098   Data           4  filter.o(.data)
    _b23                                     0x2000009c   Data           4  filter.o(.data)
    _delay_element_13                        0x200000a0   Data           4  filter.o(.data)
    _delay_element_23                        0x200000a4   Data           4  filter.o(.data)
    _cutoff_freq4                            0x200000a8   Data           4  filter.o(.data)
    _a14                                     0x200000ac   Data           4  filter.o(.data)
    _a24                                     0x200000b0   Data           4  filter.o(.data)
    _b04                                     0x200000b4   Data           4  filter.o(.data)
    _b14                                     0x200000b8   Data           4  filter.o(.data)
    _b24                                     0x200000bc   Data           4  filter.o(.data)
    _delay_element_14                        0x200000c0   Data           4  filter.o(.data)
    _delay_element_24                        0x200000c4   Data           4  filter.o(.data)
    _cutoff_freq5                            0x200000c8   Data           4  filter.o(.data)
    _a15                                     0x200000cc   Data           4  filter.o(.data)
    _a25                                     0x200000d0   Data           4  filter.o(.data)
    _b05                                     0x200000d4   Data           4  filter.o(.data)
    _b15                                     0x200000d8   Data           4  filter.o(.data)
    _b25                                     0x200000dc   Data           4  filter.o(.data)
    _delay_element_15                        0x200000e0   Data           4  filter.o(.data)
    _delay_element_25                        0x200000e4   Data           4  filter.o(.data)
    _cutoff_freq6                            0x200000e8   Data           4  filter.o(.data)
    _a16                                     0x200000ec   Data           4  filter.o(.data)
    _a26                                     0x200000f0   Data           4  filter.o(.data)
    _b06                                     0x200000f4   Data           4  filter.o(.data)
    _b16                                     0x200000f8   Data           4  filter.o(.data)
    _b26                                     0x200000fc   Data           4  filter.o(.data)
    _delay_element_16                        0x20000100   Data           4  filter.o(.data)
    _delay_element_26                        0x20000104   Data           4  filter.o(.data)
    .data                                    0x20000108   Section       64  usart2.o(.data)
    .data                                    0x20000148   Section        4  mpu6500_spi.o(.data)
    .data                                    0x2000014c   Section       32  u_100.o(.data)
    .data                                    0x20000170   Section      132  gps.o(.data)
    .data                                    0x200001f4   Section       36  attitude_estimator_q.o(.data)
    .bss                                     0x20000218   Section      272  main.o(.bss)
    .bss                                     0x20000328   Section      406  usart1.o(.bss)
    .bss                                     0x200004be   Section      304  usart2.o(.bss)
    .bss                                     0x200005ee   Section       66  hmc5983_spi.o(.bss)
    .bss                                     0x20000630   Section      120  mpu6500_spi.o(.bss)
    .bss                                     0x200006a8   Section       12  gps.o(.bss)
    .bss                                     0x200006b4   Section       60  attitude_estimator_q.o(.bss)
    .bss                                     0x200006f0   Section       96  libspace.o(.bss)
    HEAP                                     0x20000750   Section      512  startup_stm32f10x_hd.o(HEAP)
    Heap_Mem                                 0x20000750   Data         512  startup_stm32f10x_hd.o(HEAP)
    STACK                                    0x20000950   Section     1024  startup_stm32f10x_hd.o(STACK)
    Stack_Mem                                0x20000950   Data        1024  startup_stm32f10x_hd.o(STACK)
    __initial_sp                             0x20000d50   Data           0  startup_stm32f10x_hd.o(STACK)

    Global Symbols

    Symbol Name                              Value     Ov Type        Size  Object(Section)

    BuildAttributes$$THM_ISAv4$P$D$K$B$S$PE$A:L22UL41UL21$X:L11$S22US41US21$IEEE1$IW$USESV6$~STKCKD$USESV7$~SHL$OTIME$ROPI$IEEEX$EBA8$UX$STANDARDLIB$REQ8$PRES8$EABIv2 0x00000000   Number         0  anon$$obj.o ABSOLUTE
    __ARM_use_no_argv                        0x00000000   Number         0  main.o ABSOLUTE
    __ARM_exceptions_init                     - Undefined Weak Reference
    __alloca_initialize                       - Undefined Weak Reference
    __arm_preinit_                            - Undefined Weak Reference
    __cpp_initialize__aeabi_                  - Undefined Weak Reference
    __cxa_finalize                            - Undefined Weak Reference
    __rt_locale                               - Undefined Weak Reference
    __sigvec_lookup                           - Undefined Weak Reference
    _atexit_init                              - Undefined Weak Reference
    _call_atexit_fns                          - Undefined Weak Reference
    _clock_init                               - Undefined Weak Reference
    _fp_trap_init                             - Undefined Weak Reference
    _fp_trap_shutdown                         - Undefined Weak Reference
    _get_lc_collate                           - Undefined Weak Reference
    _get_lc_ctype                             - Undefined Weak Reference
    _get_lc_monetary                          - Undefined Weak Reference
    _get_lc_numeric                           - Undefined Weak Reference
    _get_lc_time                              - Undefined Weak Reference
    _getenv_init                              - Undefined Weak Reference
    _handle_redirection                       - Undefined Weak Reference
    _init_alloc                               - Undefined Weak Reference
    _init_user_alloc                          - Undefined Weak Reference
    _initio                                   - Undefined Weak Reference
    _mutex_acquire                            - Undefined Weak Reference
    _mutex_release                            - Undefined Weak Reference
    _printf_mbtowc                            - Undefined Weak Reference
    _printf_post_padding                      - Undefined Weak Reference
    _printf_pre_padding                       - Undefined Weak Reference
    _rand_init                                - Undefined Weak Reference
    _signal_finish                            - Undefined Weak Reference
    _signal_init                              - Undefined Weak Reference
    _terminate_alloc                          - Undefined Weak Reference
    _terminate_user_alloc                     - Undefined Weak Reference
    _terminateio                              - Undefined Weak Reference
    __Vectors_Size                           0x00000130   Number         0  startup_stm32f10x_hd.o ABSOLUTE
    __Vectors                                0x08000000   Data           4  startup_stm32f10x_hd.o(RESET)
    __Vectors_End                            0x08000130   Data           0  startup_stm32f10x_hd.o(RESET)
    __main                                   0x08000131   Thumb Code     8  __main.o(!!!main)
    __scatterload                            0x08000139   Thumb Code     0  __scatter.o(!!!scatter)
    __scatterload_rt2                        0x08000139   Thumb Code    44  __scatter.o(!!!scatter)
    __scatterload_rt2_thumb_only             0x08000139   Thumb Code     0  __scatter.o(!!!scatter)
    __scatterload_null                       0x08000147   Thumb Code     0  __scatter.o(!!!scatter)
    __decompress                             0x0800016d   Thumb Code    90  __dczerorl2.o(!!dczerorl2)
    __decompress1                            0x0800016d   Thumb Code     0  __dczerorl2.o(!!dczerorl2)
    __scatterload_zeroinit                   0x080001c9   Thumb Code    28  __scatter_zi.o(!!handler_zi)
    _printf_percent                          0x080001e5   Thumb Code     0  _printf_percent.o(.ARM.Collect$$_printf_percent$$00000000)
    _printf_percent_end                      0x080001e5   Thumb Code     0  _printf_percent_end.o(.ARM.Collect$$_printf_percent$$00000017)
    __rt_lib_init                            0x080001e9   Thumb Code     0  libinit.o(.ARM.Collect$$libinit$$00000000)
    __rt_lib_init_alloca_1                   0x080001eb   Thumb Code     0  libinit2.o(.ARM.Collect$$libinit$$0000002E)
    __rt_lib_init_argv_1                     0x080001eb   Thumb Code     0  libinit2.o(.ARM.Collect$$libinit$$0000002C)
    __rt_lib_init_atexit_1                   0x080001eb   Thumb Code     0  libinit2.o(.ARM.Collect$$libinit$$0000001B)
    __rt_lib_init_clock_1                    0x080001eb   Thumb Code     0  libinit2.o(.ARM.Collect$$libinit$$00000021)
    __rt_lib_init_cpp_1                      0x080001eb   Thumb Code     0  libinit2.o(.ARM.Collect$$libinit$$00000032)
    __rt_lib_init_exceptions_1               0x080001eb   Thumb Code     0  libinit2.o(.ARM.Collect$$libinit$$00000030)
    __rt_lib_init_fp_1                       0x080001eb   Thumb Code     0  libinit2.o(.ARM.Collect$$libinit$$00000002)
    __rt_lib_init_fp_trap_1                  0x080001eb   Thumb Code     0  libinit2.o(.ARM.Collect$$libinit$$0000001F)
    __rt_lib_init_getenv_1                   0x080001eb   Thumb Code     0  libinit2.o(.ARM.Collect$$libinit$$00000023)
    __rt_lib_init_heap_1                     0x080001eb   Thumb Code     0  libinit2.o(.ARM.Collect$$libinit$$0000000A)
    __rt_lib_init_lc_collate_1               0x080001eb   Thumb Code     0  libinit2.o(.ARM.Collect$$libinit$$00000011)
    __rt_lib_init_lc_ctype_1                 0x080001eb   Thumb Code     0  libinit2.o(.ARM.Collect$$libinit$$00000013)
    __rt_lib_init_lc_monetary_1              0x080001eb   Thumb Code     0  libinit2.o(.ARM.Collect$$libinit$$00000015)
    __rt_lib_init_lc_numeric_1               0x080001eb   Thumb Code     0  libinit2.o(.ARM.Collect$$libinit$$00000017)
    __rt_lib_init_lc_time_1                  0x080001eb   Thumb Code     0  libinit2.o(.ARM.Collect$$libinit$$00000019)
    __rt_lib_init_preinit_1                  0x080001eb   Thumb Code     0  libinit2.o(.ARM.Collect$$libinit$$00000004)
    __rt_lib_init_rand_1                     0x080001eb   Thumb Code     0  libinit2.o(.ARM.Collect$$libinit$$0000000E)
    __rt_lib_init_return                     0x080001eb   Thumb Code     0  libinit2.o(.ARM.Collect$$libinit$$00000033)
    __rt_lib_init_signal_1                   0x080001eb   Thumb Code     0  libinit2.o(.ARM.Collect$$libinit$$0000001D)
    __rt_lib_init_stdio_1                    0x080001eb   Thumb Code     0  libinit2.o(.ARM.Collect$$libinit$$00000025)
    __rt_lib_init_user_alloc_1               0x080001eb   Thumb Code     0  libinit2.o(.ARM.Collect$$libinit$$0000000C)
    __rt_lib_shutdown                        0x080001ed   Thumb Code     0  libshutdown.o(.ARM.Collect$$libshutdown$$00000000)
    __rt_lib_shutdown_fp_trap_1              0x080001ef   Thumb Code     0  libshutdown2.o(.ARM.Collect$$libshutdown$$00000006)
    __rt_lib_shutdown_heap_1                 0x080001ef   Thumb Code     0  libshutdown2.o(.ARM.Collect$$libshutdown$$0000000E)
    __rt_lib_shutdown_return                 0x080001ef   Thumb Code     0  libshutdown2.o(.ARM.Collect$$libshutdown$$0000000F)
    __rt_lib_shutdown_signal_1               0x080001ef   Thumb Code     0  libshutdown2.o(.ARM.Collect$$libshutdown$$00000009)
    __rt_lib_shutdown_stdio_1                0x080001ef   Thumb Code     0  libshutdown2.o(.ARM.Collect$$libshutdown$$00000003)
    __rt_lib_shutdown_user_alloc_1           0x080001ef   Thumb Code     0  libshutdown2.o(.ARM.Collect$$libshutdown$$0000000B)
    __rt_entry                               0x080001f1   Thumb Code     0  __rtentry.o(.ARM.Collect$$rtentry$$00000000)
    __rt_entry_presh_1                       0x080001f1   Thumb Code     0  __rtentry2.o(.ARM.Collect$$rtentry$$00000002)
    __rt_entry_sh                            0x080001f1   Thumb Code     0  __rtentry4.o(.ARM.Collect$$rtentry$$00000004)
    __rt_entry_li                            0x080001f7   Thumb Code     0  __rtentry2.o(.ARM.Collect$$rtentry$$0000000A)
    __rt_entry_postsh_1                      0x080001f7   Thumb Code     0  __rtentry2.o(.ARM.Collect$$rtentry$$00000009)
    __rt_entry_main                          0x080001fb   Thumb Code     0  __rtentry2.o(.ARM.Collect$$rtentry$$0000000D)
    __rt_entry_postli_1                      0x080001fb   Thumb Code     0  __rtentry2.o(.ARM.Collect$$rtentry$$0000000C)
    __rt_exit                                0x08000203   Thumb Code     0  rtexit.o(.ARM.Collect$$rtexit$$00000000)
    __rt_exit_ls                             0x08000205   Thumb Code     0  rtexit2.o(.ARM.Collect$$rtexit$$00000003)
    __rt_exit_prels_1                        0x08000205   Thumb Code     0  rtexit2.o(.ARM.Collect$$rtexit$$00000002)
    __rt_exit_exit                           0x08000209   Thumb Code     0  rtexit2.o(.ARM.Collect$$rtexit$$00000004)
    Reset_Handler                            0x08000211   Thumb Code     8  startup_stm32f10x_hd.o(.text)
    ADC1_2_IRQHandler                        0x0800022b   Thumb Code     0  startup_stm32f10x_hd.o(.text)
    ADC3_IRQHandler                          0x0800022b   Thumb Code     0  startup_stm32f10x_hd.o(.text)
    CAN1_RX1_IRQHandler                      0x0800022b   Thumb Code     0  startup_stm32f10x_hd.o(.text)
    CAN1_SCE_IRQHandler                      0x0800022b   Thumb Code     0  startup_stm32f10x_hd.o(.text)
    DMA1_Channel1_IRQHandler                 0x0800022b   Thumb Code     0  startup_stm32f10x_hd.o(.text)
    DMA1_Channel2_IRQHandler                 0x0800022b   Thumb Code     0  startup_stm32f10x_hd.o(.text)
    DMA1_Channel3_IRQHandler                 0x0800022b   Thumb Code     0  startup_stm32f10x_hd.o(.text)
    DMA1_Channel4_IRQHandler                 0x0800022b   Thumb Code     0  startup_stm32f10x_hd.o(.text)
    DMA1_Channel5_IRQHandler                 0x0800022b   Thumb Code     0  startup_stm32f10x_hd.o(.text)
    DMA1_Channel6_IRQHandler                 0x0800022b   Thumb Code     0  startup_stm32f10x_hd.o(.text)
    DMA1_Channel7_IRQHandler                 0x0800022b   Thumb Code     0  startup_stm32f10x_hd.o(.text)
    DMA2_Channel1_IRQHandler                 0x0800022b   Thumb Code     0  startup_stm32f10x_hd.o(.text)
    DMA2_Channel2_IRQHandler                 0x0800022b   Thumb Code     0  startup_stm32f10x_hd.o(.text)
    DMA2_Channel3_IRQHandler                 0x0800022b   Thumb Code     0  startup_stm32f10x_hd.o(.text)
    DMA2_Channel4_5_IRQHandler               0x0800022b   Thumb Code     0  startup_stm32f10x_hd.o(.text)
    EXTI0_IRQHandler                         0x0800022b   Thumb Code     0  startup_stm32f10x_hd.o(.text)
    EXTI15_10_IRQHandler                     0x0800022b   Thumb Code     0  startup_stm32f10x_hd.o(.text)
    EXTI2_IRQHandler                         0x0800022b   Thumb Code     0  startup_stm32f10x_hd.o(.text)
    EXTI3_IRQHandler                         0x0800022b   Thumb Code     0  startup_stm32f10x_hd.o(.text)
    EXTI4_IRQHandler                         0x0800022b   Thumb Code     0  startup_stm32f10x_hd.o(.text)
    EXTI9_5_IRQHandler                       0x0800022b   Thumb Code     0  startup_stm32f10x_hd.o(.text)
    FLASH_IRQHandler                         0x0800022b   Thumb Code     0  startup_stm32f10x_hd.o(.text)
    FSMC_IRQHandler                          0x0800022b   Thumb Code     0  startup_stm32f10x_hd.o(.text)
    I2C1_ER_IRQHandler                       0x0800022b   Thumb Code     0  startup_stm32f10x_hd.o(.text)
    I2C1_EV_IRQHandler                       0x0800022b   Thumb Code     0  startup_stm32f10x_hd.o(.text)
    I2C2_ER_IRQHandler                       0x0800022b   Thumb Code     0  startup_stm32f10x_hd.o(.text)
    I2C2_EV_IRQHandler                       0x0800022b   Thumb Code     0  startup_stm32f10x_hd.o(.text)
    PVD_IRQHandler                           0x0800022b   Thumb Code     0  startup_stm32f10x_hd.o(.text)
    RCC_IRQHandler                           0x0800022b   Thumb Code     0  startup_stm32f10x_hd.o(.text)
    RTCAlarm_IRQHandler                      0x0800022b   Thumb Code     0  startup_stm32f10x_hd.o(.text)
    RTC_IRQHandler                           0x0800022b   Thumb Code     0  startup_stm32f10x_hd.o(.text)
    SDIO_IRQHandler                          0x0800022b   Thumb Code     0  startup_stm32f10x_hd.o(.text)
    SPI1_IRQHandler                          0x0800022b   Thumb Code     0  startup_stm32f10x_hd.o(.text)
    SPI2_IRQHandler                          0x0800022b   Thumb Code     0  startup_stm32f10x_hd.o(.text)
    SPI3_IRQHandler                          0x0800022b   Thumb Code     0  startup_stm32f10x_hd.o(.text)
    TAMPER_IRQHandler                        0x0800022b   Thumb Code     0  startup_stm32f10x_hd.o(.text)
    TIM1_BRK_IRQHandler                      0x0800022b   Thumb Code     0  startup_stm32f10x_hd.o(.text)
    TIM1_CC_IRQHandler                       0x0800022b   Thumb Code     0  startup_stm32f10x_hd.o(.text)
    TIM1_TRG_COM_IRQHandler                  0x0800022b   Thumb Code     0  startup_stm32f10x_hd.o(.text)
    TIM1_UP_IRQHandler                       0x0800022b   Thumb Code     0  startup_stm32f10x_hd.o(.text)
    TIM2_IRQHandler                          0x0800022b   Thumb Code     0  startup_stm32f10x_hd.o(.text)
    TIM3_IRQHandler                          0x0800022b   Thumb Code     0  startup_stm32f10x_hd.o(.text)
    TIM5_IRQHandler                          0x0800022b   Thumb Code     0  startup_stm32f10x_hd.o(.text)
    TIM6_IRQHandler                          0x0800022b   Thumb Code     0  startup_stm32f10x_hd.o(.text)
    TIM7_IRQHandler                          0x0800022b   Thumb Code     0  startup_stm32f10x_hd.o(.text)
    TIM8_BRK_IRQHandler                      0x0800022b   Thumb Code     0  startup_stm32f10x_hd.o(.text)
    TIM8_CC_IRQHandler                       0x0800022b   Thumb Code     0  startup_stm32f10x_hd.o(.text)
    TIM8_TRG_COM_IRQHandler                  0x0800022b   Thumb Code     0  startup_stm32f10x_hd.o(.text)
    TIM8_UP_IRQHandler                       0x0800022b   Thumb Code     0  startup_stm32f10x_hd.o(.text)
    UART4_IRQHandler                         0x0800022b   Thumb Code     0  startup_stm32f10x_hd.o(.text)
    UART5_IRQHandler                         0x0800022b   Thumb Code     0  startup_stm32f10x_hd.o(.text)
    USART3_IRQHandler                        0x0800022b   Thumb Code     0  startup_stm32f10x_hd.o(.text)
    USBWakeUp_IRQHandler                     0x0800022b   Thumb Code     0  startup_stm32f10x_hd.o(.text)
    USB_HP_CAN1_TX_IRQHandler                0x0800022b   Thumb Code     0  startup_stm32f10x_hd.o(.text)
    USB_LP_CAN1_RX0_IRQHandler               0x0800022b   Thumb Code     0  startup_stm32f10x_hd.o(.text)
    WWDG_IRQHandler                          0x0800022b   Thumb Code     0  startup_stm32f10x_hd.o(.text)
    __user_initial_stackheap                 0x0800022d   Thumb Code     0  startup_stm32f10x_hd.o(.text)
    __use_no_semihosting                     0x08000251   Thumb Code     2  use_no_semi_2.o(.text)
    __2printf                                0x08000255   Thumb Code    20  noretval__2printf.o(.text)
    __printf                                 0x0800026d   Thumb Code   104  __printf.o(.text)
    __use_two_region_memory                  0x080002d5   Thumb Code     2  heapauxi.o(.text)
    __rt_heap_escrow$2region                 0x080002d7   Thumb Code     2  heapauxi.o(.text)
    __rt_heap_expand$2region                 0x080002d9   Thumb Code     2  heapauxi.o(.text)
    __I$use$semihosting                      0x080002db   Thumb Code     0  use_no_semi.o(.text)
    __use_no_semihosting_swi                 0x080002db   Thumb Code     2  use_no_semi.o(.text)
    __read_errno                             0x080002dd   Thumb Code    10  _rserrno.o(.text)
    __set_errno                              0x080002e7   Thumb Code    12  _rserrno.o(.text)
    _printf_char_file                        0x080002f5   Thumb Code    32  _printf_char_file.o(.text)
    __aeabi_errno_addr                       0x08000319   Thumb Code     8  rt_errno_addr_intlibspace.o(.text)
    __errno$intlibspace                      0x08000319   Thumb Code     0  rt_errno_addr_intlibspace.o(.text)
    __rt_errno_addr$intlibspace              0x08000319   Thumb Code     0  rt_errno_addr_intlibspace.o(.text)
    _printf_char_common                      0x0800032b   Thumb Code    32  _printf_char_common.o(.text)
    ferror                                   0x08000351   Thumb Code     8  ferror.o(.text)
    __user_libspace                          0x08000359   Thumb Code     8  libspace.o(.text)
    __user_perproc_libspace                  0x08000359   Thumb Code     0  libspace.o(.text)
    __user_perthread_libspace                0x08000359   Thumb Code     0  libspace.o(.text)
    __user_setup_stackheap                   0x08000361   Thumb Code    74  sys_stackheap_outer.o(.text)
    exit                                     0x080003ab   Thumb Code    12  exit.o(.text)
    ANO_Data_Send_Status_USE_USB             0x080003b9   Thumb Code   678  usart1.o(i.ANO_Data_Send_Status_USE_USB)
    BusFault_Handler                         0x08000679   Thumb Code     4  stm32f10x_it.o(i.BusFault_Handler)
    DebugMon_Handler                         0x0800067d   Thumb Code     2  stm32f10x_it.o(i.DebugMon_Handler)
    EXTI1_IRQHandler                         0x08000681   Thumb Code   142  u_100.o(i.EXTI1_IRQHandler)
    EXTI_ClearITPendingBit                   0x0800072d   Thumb Code     6  stm32f10x_exti.o(i.EXTI_ClearITPendingBit)
    EXTI_GetITStatus                         0x08000739   Thumb Code    34  stm32f10x_exti.o(i.EXTI_GetITStatus)
    EXTI_Init                                0x08000761   Thumb Code   142  stm32f10x_exti.o(i.EXTI_Init)
    EXTI_NVIC_Configuration                  0x080007f5   Thumb Code    42  u_100.o(i.EXTI_NVIC_Configuration)
    GPIO_EXTILineConfig                      0x08000821   Thumb Code    60  stm32f10x_gpio.o(i.GPIO_EXTILineConfig)
    GPIO_Init                                0x08000861   Thumb Code   278  stm32f10x_gpio.o(i.GPIO_Init)
    GPIO_ResetBits                           0x08000977   Thumb Code     4  stm32f10x_gpio.o(i.GPIO_ResetBits)
    GPIO_SetBits                             0x0800097b   Thumb Code     4  stm32f10x_gpio.o(i.GPIO_SetBits)
    HC_SR04_DN                               0x08000981   Thumb Code    74  u_100.o(i.HC_SR04_DN)
    HC_SR04_UP                               0x080009d1   Thumb Code    74  u_100.o(i.HC_SR04_UP)
    HMC58X3_spi_FIFO_init                    0x08000a21   Thumb Code    34  hmc5983_spi.o(i.HMC58X3_spi_FIFO_init)
    HMC58X3_spi_getRaw                       0x08000a49   Thumb Code   246  hmc5983_spi.o(i.HMC58X3_spi_getRaw)
    HMC58X3_spi_newValues                    0x08000b49   Thumb Code   186  hmc5983_spi.o(i.HMC58X3_spi_newValues)
    HMC5983_spi_Read_All                     0x08000c09   Thumb Code    64  hmc5983_spi.o(i.HMC5983_spi_Read_All)
    HMC5983_spi_Read_Reg                     0x08000c55   Thumb Code    40  hmc5983_spi.o(i.HMC5983_spi_Read_Reg)
    HMC5983_spi_Write_Reg                    0x08000c81   Thumb Code    40  hmc5983_spi.o(i.HMC5983_spi_Write_Reg)
    HMC5983_spi_check                        0x08000cad   Thumb Code    72  hmc5983_spi.o(i.HMC5983_spi_check)
    HMC5983_spi_init                         0x08000d29   Thumb Code    42  hmc5983_spi.o(i.HMC5983_spi_init)
    HardFault_Handler                        0x08000d71   Thumb Code     4  stm32f10x_it.o(i.HardFault_Handler)
    LOOP_100HZ                               0x08000d75   Thumb Code    28  tim.o(i.LOOP_100HZ)
    LOOP_10HZ                                0x08000d99   Thumb Code     8  tim.o(i.LOOP_10HZ)
    LOOP_200HZ                               0x08000da1   Thumb Code     8  tim.o(i.LOOP_200HZ)
    LOOP_20HZ                                0x08000da9   Thumb Code     2  tim.o(i.LOOP_20HZ)
    LOOP_50HZ                                0x08000dab   Thumb Code     2  tim.o(i.LOOP_50HZ)
    LPF2pApply_1                             0x08000dad   Thumb Code   162  filter.o(i.LPF2pApply_1)
    LPF2pApply_2                             0x08000e71   Thumb Code   162  filter.o(i.LPF2pApply_2)
    LPF2pApply_3                             0x08000f35   Thumb Code   162  filter.o(i.LPF2pApply_3)
    LPF2pApply_4                             0x08000ff9   Thumb Code   162  filter.o(i.LPF2pApply_4)
    LPF2pApply_5                             0x080010bd   Thumb Code   162  filter.o(i.LPF2pApply_5)
    LPF2pApply_6                             0x08001181   Thumb Code   162  filter.o(i.LPF2pApply_6)
    LPF2pSetCutoffFreq_1                     0x08001245   Thumb Code   280  filter.o(i.LPF2pSetCutoffFreq_1)
    LPF2pSetCutoffFreq_2                     0x08001381   Thumb Code   280  filter.o(i.LPF2pSetCutoffFreq_2)
    LPF2pSetCutoffFreq_3                     0x080014bd   Thumb Code   280  filter.o(i.LPF2pSetCutoffFreq_3)
    LPF2pSetCutoffFreq_4                     0x080015f9   Thumb Code   280  filter.o(i.LPF2pSetCutoffFreq_4)
    LPF2pSetCutoffFreq_5                     0x08001735   Thumb Code   280  filter.o(i.LPF2pSetCutoffFreq_5)
    LPF2pSetCutoffFreq_6                     0x08001871   Thumb Code   280  filter.o(i.LPF2pSetCutoffFreq_6)
    Low_Passfilter_Init                      0x080019ad   Thumb Code    52  filter.o(i.Low_Passfilter_Init)
    MPU6500_Get_QuietData                    0x080019e9   Thumb Code    22  mpu6500_spi.o(i.MPU6500_Get_QuietData)
    MPU6500_Read_Reg                         0x08001a01   Thumb Code    40  mpu6500_spi.o(i.MPU6500_Read_Reg)
    MPU6500_Write_Reg                        0x08001a2d   Thumb Code    40  mpu6500_spi.o(i.MPU6500_Write_Reg)
    MPU6500_spi_Check                        0x08001a59   Thumb Code    30  mpu6500_spi.o(i.MPU6500_spi_Check)
    MPU6500_spi_Init                         0x08001aa5   Thumb Code    98  mpu6500_spi.o(i.MPU6500_spi_Init)
    MPU6500_spi_ReadALL                      0x08001b25   Thumb Code   524  mpu6500_spi.o(i.MPU6500_spi_ReadALL)
    MYRCC_DeInit                             0x08001d51   Thumb Code    78  sys_fun.o(i.MYRCC_DeInit)
    MemManage_Handler                        0x08001dad   Thumb Code     4  stm32f10x_it.o(i.MemManage_Handler)
    My_GPIO_Init                             0x08001db1   Thumb Code    82  gpio.o(i.My_GPIO_Init)
    NED_TO_BODY                              0x08001e09   Thumb Code   796  attitude_estimator_q.o(i.NED_TO_BODY)
    NMI_Handler                              0x08002129   Thumb Code     2  stm32f10x_it.o(i.NMI_Handler)
    NVIC_INIT                                0x0800212b   Thumb Code    20  sys_fun.o(i.NVIC_INIT)
    NVIC_Init                                0x08002141   Thumb Code   100  misc.o(i.NVIC_Init)
    NVIC_PriorityGroupConfig                 0x080021b1   Thumb Code    10  misc.o(i.NVIC_PriorityGroupConfig)
    PendSV_Handler                           0x080021c5   Thumb Code     2  stm32f10x_it.o(i.PendSV_Handler)
    RCC_APB1PeriphClockCmd                   0x080021c9   Thumb Code    26  stm32f10x_rcc.o(i.RCC_APB1PeriphClockCmd)
    RCC_APB1PeriphResetCmd                   0x080021e9   Thumb Code    26  stm32f10x_rcc.o(i.RCC_APB1PeriphResetCmd)
    RCC_APB2PeriphClockCmd                   0x08002209   Thumb Code    26  stm32f10x_rcc.o(i.RCC_APB2PeriphClockCmd)
    RCC_APB2PeriphResetCmd                   0x08002229   Thumb Code    26  stm32f10x_rcc.o(i.RCC_APB2PeriphResetCmd)
    RCC_GetClocksFreq                        0x08002249   Thumb Code   192  stm32f10x_rcc.o(i.RCC_GetClocksFreq)
    SPI1_Init                                0x0800231d   Thumb Code   170  spi.o(i.SPI1_Init)
    SPI1_Read_Write_Byte                     0x080023d5   Thumb Code    78  spi.o(i.SPI1_Read_Write_Byte)
    SPI_Cmd                                  0x08002429   Thumb Code    24  stm32f10x_spi.o(i.SPI_Cmd)
    SPI_I2S_GetFlagStatus                    0x08002441   Thumb Code    18  stm32f10x_spi.o(i.SPI_I2S_GetFlagStatus)
    SPI_I2S_ReceiveData                      0x08002453   Thumb Code     6  stm32f10x_spi.o(i.SPI_I2S_ReceiveData)
    SPI_I2S_SendData                         0x08002459   Thumb Code     4  stm32f10x_spi.o(i.SPI_I2S_SendData)
    SPI_Init                                 0x0800245d   Thumb Code    60  stm32f10x_spi.o(i.SPI_Init)
    SVC_Handler                              0x08002499   Thumb Code     2  stm32f10x_it.o(i.SVC_Handler)
    SysTick_Handler                          0x08002585   Thumb Code    12  stm32f10x_it.o(i.SysTick_Handler)
    SystemClock_HSE                          0x08002595   Thumb Code   148  sys_fun.o(i.SystemClock_HSE)
    SystemInit                               0x08002635   Thumb Code    78  system_stm32f10x.o(i.SystemInit)
    TIM4_IRQHandler                          0x08002695   Thumb Code    72  tim.o(i.TIM4_IRQHandler)
    TIM4_Init                                0x080026f5   Thumb Code    86  tim.o(i.TIM4_Init)
    TIM_ClearFlag                            0x0800276d   Thumb Code     6  stm32f10x_tim.o(i.TIM_ClearFlag)
    TIM_ClearITPendingBit                    0x08002773   Thumb Code     6  stm32f10x_tim.o(i.TIM_ClearITPendingBit)
    TIM_Cmd                                  0x08002779   Thumb Code    24  stm32f10x_tim.o(i.TIM_Cmd)
    TIM_DeInit                               0x08002791   Thumb Code   424  stm32f10x_tim.o(i.TIM_DeInit)
    TIM_GetITStatus                          0x08002979   Thumb Code    34  stm32f10x_tim.o(i.TIM_GetITStatus)
    TIM_ITConfig                             0x0800299b   Thumb Code    18  stm32f10x_tim.o(i.TIM_ITConfig)
    TIM_TimeBaseInit                         0x080029ad   Thumb Code   122  stm32f10x_tim.o(i.TIM_TimeBaseInit)
    TimerNVIC_Configuration                  0x08002a51   Thumb Code    40  tim.o(i.TimerNVIC_Configuration)
    UART1NVIC_Configuration                  0x08002a79   Thumb Code    34  usart1.o(i.UART1NVIC_Configuration)
    UART1_init                               0x08002a9d   Thumb Code   236  usart1.o(i.UART1_init)
    UART2_Send                               0x08002ba9   Thumb Code    42  usart2.o(i.UART2_Send)
    USART1_IRQHandler                        0x08002bd9   Thumb Code    96  usart1.o(i.USART1_IRQHandler)
    USART1_Send                              0x08002c49   Thumb Code    74  usart1.o(i.USART1_Send)
    USART1_SendData                          0x08002c99   Thumb Code    44  usart1.o(i.USART1_SendData)
    USART2NVIC_Configuration                 0x08002ccd   Thumb Code    38  usart2.o(i.USART2NVIC_Configuration)
    USART2_IRQHandler                        0x08002cf5   Thumb Code   164  usart2.o(i.USART2_IRQHandler)
    USART2_Init                              0x08002db9   Thumb Code   132  usart2.o(i.USART2_Init)
    USART_ClearFlag                          0x08002e45   Thumb Code    18  stm32f10x_usart.o(i.USART_ClearFlag)
    USART_ClearITPendingBit                  0x08002e57   Thumb Code    30  stm32f10x_usart.o(i.USART_ClearITPendingBit)
    USART_Cmd                                0x08002e75   Thumb Code    24  stm32f10x_usart.o(i.USART_Cmd)
    USART_GetFlagStatus                      0x08002e8d   Thumb Code    26  stm32f10x_usart.o(i.USART_GetFlagStatus)
    USART_GetITStatus                        0x08002ea7   Thumb Code    84  stm32f10x_usart.o(i.USART_GetITStatus)
    USART_ITConfig                           0x08002efb   Thumb Code    74  stm32f10x_usart.o(i.USART_ITConfig)
    USART_Init                               0x08002f45   Thumb Code   210  stm32f10x_usart.o(i.USART_Init)
    USART_ReceiveData                        0x0800301d   Thumb Code    10  stm32f10x_usart.o(i.USART_ReceiveData)
    USART_SendData                           0x08003027   Thumb Code     8  stm32f10x_usart.o(i.USART_SendData)
    UartBuf_Cnt                              0x0800302f   Thumb Code    14  usart1.o(i.UartBuf_Cnt)
    UartBuf_RD                               0x0800303d   Thumb Code    20  usart1.o(i.UartBuf_RD)
    UartBuf_WD                               0x08003051   Thumb Code    18  usart1.o(i.UartBuf_WD)
    UsageFault_Handler                       0x08003063   Thumb Code     4  stm32f10x_it.o(i.UsageFault_Handler)
    __ARM_fpclassify                         0x08003067   Thumb Code    40  fpclassify.o(i.__ARM_fpclassify)
    __ARM_fpclassifyf                        0x0800308f   Thumb Code    38  fpclassifyf.o(i.__ARM_fpclassifyf)
    __ARM_isinff                             0x080030b5   Thumb Code    20  filter.o(i.__ARM_isinff)
    __ARM_isnanf                             0x080030c9   Thumb Code    14  filter.o(i.__ARM_isnanf)
    __kernel_poly                            0x080030d7   Thumb Code   170  poly.o(i.__kernel_poly)
    __mathlib_dbl_infnan                     0x08003181   Thumb Code     6  dunder.o(i.__mathlib_dbl_infnan)
    __mathlib_dbl_infnan2                    0x08003187   Thumb Code     4  dunder.o(i.__mathlib_dbl_infnan2)
    __mathlib_dbl_invalid                    0x0800318b   Thumb Code    12  dunder.o(i.__mathlib_dbl_invalid)
    __mathlib_dbl_underflow                  0x08003199   Thumb Code    10  dunder.o(i.__mathlib_dbl_underflow)
    __mathlib_flt_infnan                     0x080031a9   Thumb Code     6  funder.o(i.__mathlib_flt_infnan)
    __mathlib_flt_infnan2                    0x080031af   Thumb Code     4  funder.o(i.__mathlib_flt_infnan2)
    __mathlib_flt_invalid                    0x080031b3   Thumb Code     8  funder.o(i.__mathlib_flt_invalid)
    __mathlib_flt_underflow                  0x080031bb   Thumb Code    10  funder.o(i.__mathlib_flt_underflow)
    __mathlib_rredf2                         0x080031c5   Thumb Code   344  rredf.o(i.__mathlib_rredf2)
    _init                                    0x0800332d   Thumb Code   652  attitude_estimator_q.o(i._init)
    _sys_exit                                0x080035c5   Thumb Code     6  usart1.o(i._sys_exit)
    asin                                     0x080035cd   Thumb Code   572  asin.o(i.asin)
    atan                                     0x0800383d   Thumb Code   474  atan.o(i.atan)
    atan2                                    0x08003a5d   Thumb Code   346  atan2.o(i.atan2)
    atan2f                                   0x08003bdd   Thumb Code   528  atan2f.o(i.atan2f)
    attitude_estimator_q_main                0x08003e39   Thumb Code   330  attitude_estimator_q.o(i.attitude_estimator_q_main)
    cosf                                     0x08003fc1   Thumb Code   328  cosf.o(i.cosf)
    cycleCounterInit                         0x0800413d   Thumb Code    26  stm32f10x_it.o(i.cycleCounterInit)
    delay_ms                                 0x08004161   Thumb Code    34  delay.o(i.delay_ms)
    delay_us                                 0x08004183   Thumb Code    24  delay.o(i.delay_us)
    fputc                                    0x0800419d   Thumb Code    24  usart1.o(i.fputc)
    invSqrt                                  0x080041b9   Thumb Code    86  attitude_estimator_q.o(i.invSqrt)
    is_finite                                0x08004215   Thumb Code   110  attitude_estimator_q.o(i.is_finite)
    loop                                     0x08004289   Thumb Code    94  tim.o(i.loop)
    main                                     0x080042fd   Thumb Code   170  main.o(i.main)
    math_constrain                           0x080043c1   Thumb Code    36  attitude_estimator_q.o(i.math_constrain)
    micros                                   0x080043e5   Thumb Code    58  stm32f10x_it.o(i.micros)
    q_normalized                             0x08004429   Thumb Code   138  attitude_estimator_q.o(i.q_normalized)
    q_update                                 0x080044b9   Thumb Code   504  attitude_estimator_q.o(i.q_update)
    sign                                     0x080046b9   Thumb Code    34  attitude_estimator_q.o(i.sign)
    sqrt                                     0x080046db   Thumb Code    76  sqrt.o(i.sqrt)
    tanf                                     0x08004729   Thumb Code   314  tanf.o(i.tanf)
    update                                   0x0800489d   Thumb Code  4090  attitude_estimator_q.o(i.update)
    vector_normalized                        0x080058d5   Thumb Code   122  attitude_estimator_q.o(i.vector_normalized)
    wrap_pi                                  0x08005951   Thumb Code    32  attitude_estimator_q.o(i.wrap_pi)
    __aeabi_d2f                              0x08005979   Thumb Code     0  d2f.o(x$fpl$d2f)
    _d2f                                     0x08005979   Thumb Code    98  d2f.o(x$fpl$d2f)
    __aeabi_dadd                             0x080059dd   Thumb Code     0  daddsub_clz.o(x$fpl$dadd)
    _dadd                                    0x080059dd   Thumb Code   332  daddsub_clz.o(x$fpl$dadd)
    __fpl_dcheck_NaN1                        0x08005b2d   Thumb Code    10  dcheck1.o(x$fpl$dcheck1)
    __fpl_dcmp_Inf                           0x08005b3d   Thumb Code    24  dcmpi.o(x$fpl$dcmpinf)
    __aeabi_ddiv                             0x08005b55   Thumb Code     0  ddiv.o(x$fpl$ddiv)
    _ddiv                                    0x08005b55   Thumb Code   552  ddiv.o(x$fpl$ddiv)
    __aeabi_d2iz                             0x08005e05   Thumb Code     0  dfix.o(x$fpl$dfix)
    _dfix                                    0x08005e05   Thumb Code    94  dfix.o(x$fpl$dfix)
    __aeabi_cdcmple                          0x08005e65   Thumb Code     0  dleqf.o(x$fpl$dleqf)
    _dcmple                                  0x08005e65   Thumb Code   120  dleqf.o(x$fpl$dleqf)
    __fpl_dcmple_InfNaN                      0x08005ec7   Thumb Code     0  dleqf.o(x$fpl$dleqf)
    __aeabi_dmul                             0x08005edd   Thumb Code     0  dmul.o(x$fpl$dmul)
    _dmul                                    0x08005edd   Thumb Code   332  dmul.o(x$fpl$dmul)
    __fpl_dnaninf                            0x08006031   Thumb Code   156  dnaninf.o(x$fpl$dnaninf)
    __fpl_dretinf                            0x080060cd   Thumb Code    12  dretinf.o(x$fpl$dretinf)
    __aeabi_cdrcmple                         0x080060d9   Thumb Code     0  drleqf.o(x$fpl$drleqf)
    _drcmple                                 0x080060d9   Thumb Code   108  drleqf.o(x$fpl$drleqf)
    __aeabi_drsub                            0x08006145   Thumb Code     0  daddsub_clz.o(x$fpl$drsb)
    _drsb                                    0x08006145   Thumb Code    22  daddsub_clz.o(x$fpl$drsb)
    _dsqrt                                   0x0800615d   Thumb Code   456  dsqrt_noumaal.o(x$fpl$dsqrt)
    __aeabi_dsub                             0x08006329   Thumb Code     0  daddsub_clz.o(x$fpl$dsub)
    _dsub                                    0x08006329   Thumb Code   464  daddsub_clz.o(x$fpl$dsub)
    __aeabi_f2d                              0x080064fd   Thumb Code     0  f2d.o(x$fpl$f2d)
    _f2d                                     0x080064fd   Thumb Code    86  f2d.o(x$fpl$f2d)
    __aeabi_fadd                             0x08006555   Thumb Code     0  faddsub_clz.o(x$fpl$fadd)
    _fadd                                    0x08006555   Thumb Code   196  faddsub_clz.o(x$fpl$fadd)
    __fpl_fcheck_NaN1                        0x08006619   Thumb Code     6  fcheck1.o(x$fpl$fcheck1)
    __fpl_fcmp_Inf                           0x08006625   Thumb Code    24  fcmpi.o(x$fpl$fcmpinf)
    __aeabi_fdiv                             0x0800663d   Thumb Code     0  fdiv.o(x$fpl$fdiv)
    _fdiv                                    0x0800663d   Thumb Code   384  fdiv.o(x$fpl$fdiv)
    __aeabi_cfcmpeq                          0x080067c1   Thumb Code     0  feqf.o(x$fpl$feqf)
    _fcmpeq                                  0x080067c1   Thumb Code   104  feqf.o(x$fpl$feqf)
    __aeabi_f2iz                             0x08006829   Thumb Code     0  ffix.o(x$fpl$ffix)
    _ffix                                    0x08006829   Thumb Code    54  ffix.o(x$fpl$ffix)
    __aeabi_f2uiz                            0x08006861   Thumb Code     0  ffixu.o(x$fpl$ffixu)
    _ffixu                                   0x08006861   Thumb Code    62  ffixu.o(x$fpl$ffixu)
    __aeabi_i2f                              0x080068a1   Thumb Code     0  fflt_clz.o(x$fpl$fflt)
    _fflt                                    0x080068a1   Thumb Code    48  fflt_clz.o(x$fpl$fflt)
    __aeabi_ui2f                             0x080068d1   Thumb Code     0  fflt_clz.o(x$fpl$ffltu)
    _ffltu                                   0x080068d1   Thumb Code    38  fflt_clz.o(x$fpl$ffltu)
    __aeabi_cfcmple                          0x080068f9   Thumb Code     0  fleqf.o(x$fpl$fleqf)
    _fcmple                                  0x080068f9   Thumb Code   104  fleqf.o(x$fpl$fleqf)
    __fpl_fcmple_InfNaN                      0x0800694b   Thumb Code     0  fleqf.o(x$fpl$fleqf)
    __aeabi_fmul                             0x08006961   Thumb Code     0  fmul.o(x$fpl$fmul)
    _fmul                                    0x08006961   Thumb Code   258  fmul.o(x$fpl$fmul)
    __fpl_fnaninf                            0x08006a63   Thumb Code   140  fnaninf.o(x$fpl$fnaninf)
    __fpl_fretinf                            0x08006aef   Thumb Code    10  fretinf.o(x$fpl$fretinf)
    __aeabi_cfrcmple                         0x08006af9   Thumb Code     0  frleqf.o(x$fpl$frleqf)
    _frcmple                                 0x08006af9   Thumb Code    98  frleqf.o(x$fpl$frleqf)
    _frnd                                    0x08006b5d   Thumb Code    96  frnd.o(x$fpl$frnd)
    __aeabi_frsub                            0x08006bbd   Thumb Code     0  faddsub_clz.o(x$fpl$frsb)
    _frsb                                    0x08006bbd   Thumb Code    20  faddsub_clz.o(x$fpl$frsb)
    __aeabi_fsub                             0x08006bd1   Thumb Code     0  faddsub_clz.o(x$fpl$fsub)
    _fsub                                    0x08006bd1   Thumb Code   234  faddsub_clz.o(x$fpl$fsub)
    __fpl_return_NaN                         0x08006cbb   Thumb Code   100  retnan.o(x$fpl$retnan)
    __ARM_scalbn                             0x08006d1f   Thumb Code    92  scalbn.o(x$fpl$scalbn)
    __ARM_scalbnf                            0x08006d7b   Thumb Code    76  scalbnf.o(x$fpl$scalbnf)
    __fpl_cmpreturn                          0x08006dc7   Thumb Code    48  trapv.o(x$fpl$trapveneer)
    __I$use$fp                               0x08006df6   Number         0  usenofp.o(x$fpl$usenofp)
    __mathlib_zero                           0x08006ee0   Data           8  qnan.o(.constdata)
    Region$$Table$$Base                      0x08006f08   Number         0  anon$$obj.o(Region$$Table)
    Region$$Table$$Limit                     0x08006f28   Number         0  anon$$obj.o(Region$$Table)
    FLAG                                     0x20000000   Data           1  main.o(.data)
    system_status                            0x20000001   Data           5  main.o(.data)
    SystemCoreClock                          0x20000008   Data           4  system_stm32f10x.o(.data)
    AHBPrescTable                            0x2000000c   Data          16  system_stm32f10x.o(.data)
    sysTickUptime                            0x20000034   Data           4  stm32f10x_it.o(.data)
    __stdout                                 0x20000038   Data           4  usart1.o(.data)
    Udatatmp                                 0x2000003c   Data           1  usart1.o(.data)
    SysClock                                 0x20000040   Data           1  sys_fun.o(.data)
    loop_cnt_10hz                            0x20000041   Data           1  tim.o(.data)
    loop_cnt_20hz                            0x20000042   Data           1  tim.o(.data)
    loop_cnt_50hz                            0x20000043   Data           1  tim.o(.data)
    loop_cnt_100hz                           0x20000044   Data           1  tim.o(.data)
    loop_cnt_200hz                           0x20000045   Data           1  tim.o(.data)
    ucRxCnt                                  0x20000108   Data           4  usart2.o(.data)
    makesure                                 0x2000010c   Data           4  usart2.o(.data)
    start                                    0x20000110   Data           4  usart2.o(.data)
    try_cnt                                  0x20000114   Data           4  usart2.o(.data)
    GPS_GPGGA_Buf                            0x20000118   Data           6  usart2.o(.data)
    GPS_Data_Cnt                             0x20000120   Data           4  usart2.o(.data)
    GPSx_Cnt                                 0x20000124   Data           4  usart2.o(.data)
    GPSx_Finish_Flag                         0x20000128   Data           4  usart2.o(.data)
    GPSx_Data_Cnt                            0x2000012c   Data           4  usart2.o(.data)
    GPS_ISR_CNT                              0x20000130   Data           2  usart2.o(.data)
    GPxCnt                                   0x20000132   Data           1  usart2.o(.data)
    Ublox_Try_Cnt                            0x20000134   Data           2  usart2.o(.data)
    Ublox_Try_Buf                            0x20000136   Data           5  usart2.o(.data)
    Ublox_Try_Makesure                       0x2000013c   Data           2  usart2.o(.data)
    Ublox_Try_Start                          0x2000013e   Data           2  usart2.o(.data)
    Ublox_Cnt                                0x20000140   Data           2  usart2.o(.data)
    Ublox_Receive                            0x20000142   Data           2  usart2.o(.data)
    GPS_Update_finished                      0x20000144   Data           2  usart2.o(.data)
    GPS_Update_finished_Correct_Flag         0x20000146   Data           2  usart2.o(.data)
    MPU65xx_GYRO_FIRSTRUN_CENT               0x20000148   Data           4  mpu6500_spi.o(.data)
    US_Distance                              0x2000014c   Data           4  u_100.o(.data)
    HC_SR04_StartFlag                        0x20000150   Data           1  u_100.o(.data)
    HC_SR04_Distance                         0x20000154   Data           4  u_100.o(.data)
    HC_SR04_RSSI                             0x20000158   Data           2  u_100.o(.data)
    Test_Cnt1                                0x2000015c   Data           4  u_100.o(.data)
    Test_Cnt2                                0x20000160   Data           4  u_100.o(.data)
    Test_Delta                               0x20000164   Data           4  u_100.o(.data)
    Exti_Cnt                                 0x20000168   Data           2  u_100.o(.data)
    Sample_Cnt                               0x2000016a   Data           2  u_100.o(.data)
    Last_Longitude                           0x20000170   Data           8  gps.o(.data)
    Last_Latitude                            0x20000178   Data           8  gps.o(.data)
    Longitude_Origion                        0x20000180   Data           4  gps.o(.data)
    Latitude_Origion                         0x20000184   Data           4  gps.o(.data)
    Longitude                                0x20000188   Data           8  gps.o(.data)
    Latitude                                 0x20000190   Data           8  gps.o(.data)
    Longitude_Deg                            0x20000198   Data           8  gps.o(.data)
    Latitude_Deg                             0x200001a0   Data           8  gps.o(.data)
    Longitude_Min                            0x200001a8   Data           8  gps.o(.data)
    Latitude_Min                             0x200001b0   Data           8  gps.o(.data)
    GPS_Ground_Speed                         0x200001b8   Data           4  gps.o(.data)
    GPS_Yaw                                  0x200001bc   Data           4  gps.o(.data)
    GPS_Quality                              0x200001c0   Data           4  gps.o(.data)
    GPS_Sate_Num                             0x200001c4   Data           2  gps.o(.data)
    GPS_Speed_Resolve                        0x200001c8   Data           8  gps.o(.data)
    TimeBeijing                              0x200001d0   Data           6  gps.o(.data)
    TimeStr                                  0x200001d6   Data           8  gps.o(.data)
    GPS_Pos_DOP                              0x200001e0   Data           4  gps.o(.data)
    GPS_FixType                              0x200001e4   Data           1  gps.o(.data)
    GPS_Fix_Flag                             0x200001e5   Data           4  gps.o(.data)
    Horizontal_Acc_Est                       0x200001ea   Data           2  gps.o(.data)
    Vertical_Acc_Est                         0x200001ec   Data           2  gps.o(.data)
    Speed_Acc_Est                            0x200001ee   Data           2  gps.o(.data)
    High_GPS                                 0x200001f0   Data           4  gps.o(.data)
    mag_decl                                 0x200001f4   Data           4  attitude_estimator_q.o(.data)
    vel_dt                                   0x200001f8   Data           4  attitude_estimator_q.o(.data)
    vel_prev_t                               0x200001fc   Data           4  attitude_estimator_q.o(.data)
    dt                                       0x20000200   Data           4  attitude_estimator_q.o(.data)
    att_last_time                            0x20000204   Data           4  attitude_estimator_q.o(.data)
    att_now_time                             0x20000208   Data           4  attitude_estimator_q.o(.data)
    _w_mag                                   0x2000020c   Data           4  attitude_estimator_q.o(.data)
    _w_accl                                  0x20000210   Data           4  attitude_estimator_q.o(.data)
    _w_gyro_bias                             0x20000214   Data           4  attitude_estimator_q.o(.data)
    data_mpu6050                             0x20000218   Data          32  main.o(.bss)
    str                                      0x20000238   Data         100  main.o(.bss)
    senser_datas                             0x2000029c   Data         108  main.o(.bss)
    q                                        0x20000308   Data          16  main.o(.bss)
    q_d                                      0x20000318   Data          16  main.o(.bss)
    RecBuff                                  0x20000328   Data          76  usart1.o(.bss)
    UartTxbuf                                0x20000374   Data          12  usart1.o(.bss)
    UartRxbuf                                0x20000380   Data          12  usart1.o(.bss)
    rx_buffer                                0x2000038c   Data         128  usart1.o(.bss)
    tx_buffer                                0x2000040c   Data         128  usart1.o(.bss)
    data_to_send                             0x2000048c   Data          50  usart1.o(.bss)
    ucRxBuffer                               0x200004be   Data           9  usart2.o(.bss)
    GPS_Buf                                  0x200004c7   Data         200  usart2.o(.bss)
    Ublox_Data                               0x2000058f   Data          95  usart2.o(.bss)
    HMC5883_spi_FIFO                         0x200005ee   Data          66  hmc5983_spi.o(.bss)
    MPU65xx_GYRO_FIRSTRUN_BUFF               0x20000630   Data          12  mpu6500_spi.o(.bss)
    MPU65xx_ACCL_FIFO                        0x2000063c   Data          54  mpu6500_spi.o(.bss)
    MPU65xx_GYRO_FIFO                        0x20000672   Data          54  mpu6500_spi.o(.bss)
    GPS_Vel                                  0x200006a8   Data          12  gps.o(.bss)
    vel_prev                                 0x200006b4   Data          12  attitude_estimator_q.o(.bss)
    pos_acc                                  0x200006c0   Data          12  attitude_estimator_q.o(.bss)
    gyro_bias                                0x200006cc   Data          12  attitude_estimator_q.o(.bss)
    _rates                                   0x200006d8   Data          12  attitude_estimator_q.o(.bss)
    zero                                     0x200006e4   Data          12  attitude_estimator_q.o(.bss)
    __libspace_start                         0x200006f0   Data          96  libspace.o(.bss)
    __temporary_stack_top$libspace           0x20000750   Data           0  libspace.o(.bss)



==============================================================================

Memory Map of the image

  Image Entry point : 0x08000211

  Load Region LR_1 (Base: 0x08000000, Size: 0x00007140, Max: 0xffffffff, ABSOLUTE, COMPRESSED[0x00006f50])

    Execution Region ER_RO (Base: 0x08000000, Size: 0x00006f28, Max: 0xffffffff, ABSOLUTE)

    Base Addr    Size         Type   Attr      Idx    E Section Name        Object

    0x08000000   0x00000130   Data   RO          241    RESET               startup_stm32f10x_hd.o
    0x08000130   0x00000008   Code   RO         4413  * !!!main             c_w.l(__main.o)
    0x08000138   0x00000034   Code   RO         4812    !!!scatter          c_w.l(__scatter.o)
    0x0800016c   0x0000005a   Code   RO         4810    !!dczerorl2         c_w.l(__dczerorl2.o)
    0x080001c6   0x00000002   PAD
    0x080001c8   0x0000001c   Code   RO         4814    !!handler_zi        c_w.l(__scatter_zi.o)
    0x080001e4   0x00000000   Code   RO         4410    .ARM.Collect$$_printf_percent$$00000000  c_w.l(_printf_percent.o)
    0x080001e4   0x00000004   Code   RO         4552    .ARM.Collect$$_printf_percent$$00000017  c_w.l(_printf_percent_end.o)
    0x080001e8   0x00000002   Code   RO         4682    .ARM.Collect$$libinit$$00000000  c_w.l(libinit.o)
    0x080001ea   0x00000000   Code   RO         4690    .ARM.Collect$$libinit$$00000002  c_w.l(libinit2.o)
    0x080001ea   0x00000000   Code   RO         4692    .ARM.Collect$$libinit$$00000004  c_w.l(libinit2.o)
    0x080001ea   0x00000000   Code   RO         4695    .ARM.Collect$$libinit$$0000000A  c_w.l(libinit2.o)
    0x080001ea   0x00000000   Code   RO         4697    .ARM.Collect$$libinit$$0000000C  c_w.l(libinit2.o)
    0x080001ea   0x00000000   Code   RO         4699    .ARM.Collect$$libinit$$0000000E  c_w.l(libinit2.o)
    0x080001ea   0x00000000   Code   RO         4702    .ARM.Collect$$libinit$$00000011  c_w.l(libinit2.o)
    0x080001ea   0x00000000   Code   RO         4704    .ARM.Collect$$libinit$$00000013  c_w.l(libinit2.o)
    0x080001ea   0x00000000   Code   RO         4706    .ARM.Collect$$libinit$$00000015  c_w.l(libinit2.o)
    0x080001ea   0x00000000   Code   RO         4708    .ARM.Collect$$libinit$$00000017  c_w.l(libinit2.o)
    0x080001ea   0x00000000   Code   RO         4710    .ARM.Collect$$libinit$$00000019  c_w.l(libinit2.o)
    0x080001ea   0x00000000   Code   RO         4712    .ARM.Collect$$libinit$$0000001B  c_w.l(libinit2.o)
    0x080001ea   0x00000000   Code   RO         4714    .ARM.Collect$$libinit$$0000001D  c_w.l(libinit2.o)
    0x080001ea   0x00000000   Code   RO         4716    .ARM.Collect$$libinit$$0000001F  c_w.l(libinit2.o)
    0x080001ea   0x00000000   Code   RO         4718    .ARM.Collect$$libinit$$00000021  c_w.l(libinit2.o)
    0x080001ea   0x00000000   Code   RO         4720    .ARM.Collect$$libinit$$00000023  c_w.l(libinit2.o)
    0x080001ea   0x00000000   Code   RO         4722    .ARM.Collect$$libinit$$00000025  c_w.l(libinit2.o)
    0x080001ea   0x00000000   Code   RO         4726    .ARM.Collect$$libinit$$0000002C  c_w.l(libinit2.o)
    0x080001ea   0x00000000   Code   RO         4728    .ARM.Collect$$libinit$$0000002E  c_w.l(libinit2.o)
    0x080001ea   0x00000000   Code   RO         4730    .ARM.Collect$$libinit$$00000030  c_w.l(libinit2.o)
    0x080001ea   0x00000000   Code   RO         4732    .ARM.Collect$$libinit$$00000032  c_w.l(libinit2.o)
    0x080001ea   0x00000002   Code   RO         4733    .ARM.Collect$$libinit$$00000033  c_w.l(libinit2.o)
    0x080001ec   0x00000002   Code   RO         4753    .ARM.Collect$$libshutdown$$00000000  c_w.l(libshutdown.o)
    0x080001ee   0x00000000   Code   RO         4764    .ARM.Collect$$libshutdown$$00000003  c_w.l(libshutdown2.o)
    0x080001ee   0x00000000   Code   RO         4767    .ARM.Collect$$libshutdown$$00000006  c_w.l(libshutdown2.o)
    0x080001ee   0x00000000   Code   RO         4770    .ARM.Collect$$libshutdown$$00000009  c_w.l(libshutdown2.o)
    0x080001ee   0x00000000   Code   RO         4772    .ARM.Collect$$libshutdown$$0000000B  c_w.l(libshutdown2.o)
    0x080001ee   0x00000000   Code   RO         4775    .ARM.Collect$$libshutdown$$0000000E  c_w.l(libshutdown2.o)
    0x080001ee   0x00000002   Code   RO         4776    .ARM.Collect$$libshutdown$$0000000F  c_w.l(libshutdown2.o)
    0x080001f0   0x00000000   Code   RO         4545    .ARM.Collect$$rtentry$$00000000  c_w.l(__rtentry.o)
    0x080001f0   0x00000000   Code   RO         4639    .ARM.Collect$$rtentry$$00000002  c_w.l(__rtentry2.o)
    0x080001f0   0x00000006   Code   RO         4651    .ARM.Collect$$rtentry$$00000004  c_w.l(__rtentry4.o)
    0x080001f6   0x00000000   Code   RO         4641    .ARM.Collect$$rtentry$$00000009  c_w.l(__rtentry2.o)
    0x080001f6   0x00000004   Code   RO         4642    .ARM.Collect$$rtentry$$0000000A  c_w.l(__rtentry2.o)
    0x080001fa   0x00000000   Code   RO         4644    .ARM.Collect$$rtentry$$0000000C  c_w.l(__rtentry2.o)
    0x080001fa   0x00000008   Code   RO         4645    .ARM.Collect$$rtentry$$0000000D  c_w.l(__rtentry2.o)
    0x08000202   0x00000002   Code   RO         4687    .ARM.Collect$$rtexit$$00000000  c_w.l(rtexit.o)
    0x08000204   0x00000000   Code   RO         4737    .ARM.Collect$$rtexit$$00000002  c_w.l(rtexit2.o)
    0x08000204   0x00000004   Code   RO         4738    .ARM.Collect$$rtexit$$00000003  c_w.l(rtexit2.o)
    0x08000208   0x00000006   Code   RO         4739    .ARM.Collect$$rtexit$$00000004  c_w.l(rtexit2.o)
    0x0800020e   0x00000002   PAD
    0x08000210   0x00000040   Code   RO          242  * .text               startup_stm32f10x_hd.o
    0x08000250   0x00000002   Code   RO         4379    .text               c_w.l(use_no_semi_2.o)
    0x08000252   0x00000002   PAD
    0x08000254   0x00000018   Code   RO         4383    .text               c_w.l(noretval__2printf.o)
    0x0800026c   0x00000068   Code   RO         4385    .text               c_w.l(__printf.o)
    0x080002d4   0x00000006   Code   RO         4411    .text               c_w.l(heapauxi.o)
    0x080002da   0x00000002   Code   RO         4543    .text               c_w.l(use_no_semi.o)
    0x080002dc   0x00000016   Code   RO         4546    .text               c_w.l(_rserrno.o)
    0x080002f2   0x00000002   PAD
    0x080002f4   0x00000024   Code   RO         4550    .text               c_w.l(_printf_char_file.o)
    0x08000318   0x00000008   Code   RO         4656    .text               c_w.l(rt_errno_addr_intlibspace.o)
    0x08000320   0x00000030   Code   RO         4658    .text               c_w.l(_printf_char_common.o)
    0x08000350   0x00000008   Code   RO         4660    .text               c_w.l(ferror.o)
    0x08000358   0x00000008   Code   RO         4668    .text               c_w.l(libspace.o)
    0x08000360   0x0000004a   Code   RO         4671    .text               c_w.l(sys_stackheap_outer.o)
    0x080003aa   0x0000000c   Code   RO         4675    .text               c_w.l(exit.o)
    0x080003b6   0x00000002   PAD
    0x080003b8   0x000002c0   Code   RO         3499    i.ANO_Data_Send_Status_USE_USB  usart1.o
    0x08000678   0x00000004   Code   RO         3409    i.BusFault_Handler  stm32f10x_it.o
    0x0800067c   0x00000002   Code   RO         3410    i.DebugMon_Handler  stm32f10x_it.o
    0x0800067e   0x00000002   PAD
    0x08000680   0x000000ac   Code   RO         4197    i.EXTI1_IRQHandler  u_100.o
    0x0800072c   0x0000000c   Code   RO         1362    i.EXTI_ClearITPendingBit  stm32f10x_exti.o
    0x08000738   0x00000028   Code   RO         1366    i.EXTI_GetITStatus  stm32f10x_exti.o
    0x08000760   0x00000094   Code   RO         1367    i.EXTI_Init         stm32f10x_exti.o
    0x080007f4   0x0000002a   Code   RO         4198    i.EXTI_NVIC_Configuration  u_100.o
    0x0800081e   0x00000002   PAD
    0x08000820   0x00000040   Code   RO          249    i.GPIO_EXTILineConfig  stm32f10x_gpio.o
    0x08000860   0x00000116   Code   RO          252    i.GPIO_Init         stm32f10x_gpio.o
    0x08000976   0x00000004   Code   RO          259    i.GPIO_ResetBits    stm32f10x_gpio.o
    0x0800097a   0x00000004   Code   RO          260    i.GPIO_SetBits      stm32f10x_gpio.o
    0x0800097e   0x00000002   PAD
    0x08000980   0x00000050   Code   RO         4199    i.HC_SR04_DN        u_100.o
    0x080009d0   0x00000050   Code   RO         4202    i.HC_SR04_UP        u_100.o
    0x08000a20   0x00000028   Code   RO         4082    i.HMC58X3_spi_FIFO_init  hmc5983_spi.o
    0x08000a48   0x00000100   Code   RO         4083    i.HMC58X3_spi_getRaw  hmc5983_spi.o
    0x08000b48   0x000000c0   Code   RO         4084    i.HMC58X3_spi_newValues  hmc5983_spi.o
    0x08000c08   0x0000004c   Code   RO         4085    i.HMC5983_spi_Read_All  hmc5983_spi.o
    0x08000c54   0x0000002c   Code   RO         4086    i.HMC5983_spi_Read_Reg  hmc5983_spi.o
    0x08000c80   0x0000002c   Code   RO         4087    i.HMC5983_spi_Write_Reg  hmc5983_spi.o
    0x08000cac   0x0000007c   Code   RO         4088    i.HMC5983_spi_check  hmc5983_spi.o
    0x08000d28   0x00000048   Code   RO         4089    i.HMC5983_spi_init  hmc5983_spi.o
    0x08000d70   0x00000004   Code   RO         3412    i.HardFault_Handler  stm32f10x_it.o
    0x08000d74   0x00000024   Code   RO         3691    i.LOOP_100HZ        tim.o
    0x08000d98   0x00000008   Code   RO         3692    i.LOOP_10HZ         tim.o
    0x08000da0   0x00000008   Code   RO         3693    i.LOOP_200HZ        tim.o
    0x08000da8   0x00000002   Code   RO         3694    i.LOOP_20HZ         tim.o
    0x08000daa   0x00000002   Code   RO         3695    i.LOOP_50HZ         tim.o
    0x08000dac   0x000000c4   Code   RO         3789    i.LPF2pApply_1      filter.o
    0x08000e70   0x000000c4   Code   RO         3790    i.LPF2pApply_2      filter.o
    0x08000f34   0x000000c4   Code   RO         3791    i.LPF2pApply_3      filter.o
    0x08000ff8   0x000000c4   Code   RO         3792    i.LPF2pApply_4      filter.o
    0x080010bc   0x000000c4   Code   RO         3793    i.LPF2pApply_5      filter.o
    0x08001180   0x000000c4   Code   RO         3794    i.LPF2pApply_6      filter.o
    0x08001244   0x0000013c   Code   RO         3795    i.LPF2pSetCutoffFreq_1  filter.o
    0x08001380   0x0000013c   Code   RO         3796    i.LPF2pSetCutoffFreq_2  filter.o
    0x080014bc   0x0000013c   Code   RO         3797    i.LPF2pSetCutoffFreq_3  filter.o
    0x080015f8   0x0000013c   Code   RO         3798    i.LPF2pSetCutoffFreq_4  filter.o
    0x08001734   0x0000013c   Code   RO         3799    i.LPF2pSetCutoffFreq_5  filter.o
    0x08001870   0x0000013c   Code   RO         3800    i.LPF2pSetCutoffFreq_6  filter.o
    0x080019ac   0x0000003c   Code   RO         3801    i.Low_Passfilter_Init  filter.o
    0x080019e8   0x00000016   Code   RO         4139    i.MPU6500_Get_QuietData  mpu6500_spi.o
    0x080019fe   0x00000002   PAD
    0x08001a00   0x0000002c   Code   RO         4140    i.MPU6500_Read_Reg  mpu6500_spi.o
    0x08001a2c   0x0000002c   Code   RO         4141    i.MPU6500_Write_Reg  mpu6500_spi.o
    0x08001a58   0x0000004c   Code   RO         4142    i.MPU6500_spi_Check  mpu6500_spi.o
    0x08001aa4   0x00000080   Code   RO         4143    i.MPU6500_spi_Init  mpu6500_spi.o
    0x08001b24   0x0000022c   Code   RO         4144    i.MPU6500_spi_ReadALL  mpu6500_spi.o
    0x08001d50   0x0000005c   Code   RO         3640    i.MYRCC_DeInit      sys_fun.o
    0x08001dac   0x00000004   Code   RO         3413    i.MemManage_Handler  stm32f10x_it.o
    0x08001db0   0x00000058   Code   RO         3932    i.My_GPIO_Init      gpio.o
    0x08001e08   0x00000320   Code   RO         4277    i.NED_TO_BODY       attitude_estimator_q.o
    0x08002128   0x00000002   Code   RO         3414    i.NMI_Handler       stm32f10x_it.o
    0x0800212a   0x00000014   Code   RO         3641    i.NVIC_INIT         sys_fun.o
    0x0800213e   0x00000002   PAD
    0x08002140   0x00000070   Code   RO          564    i.NVIC_Init         misc.o
    0x080021b0   0x00000014   Code   RO          565    i.NVIC_PriorityGroupConfig  misc.o
    0x080021c4   0x00000002   Code   RO         3415    i.PendSV_Handler    stm32f10x_it.o
    0x080021c6   0x00000002   PAD
    0x080021c8   0x00000020   Code   RO          366    i.RCC_APB1PeriphClockCmd  stm32f10x_rcc.o
    0x080021e8   0x00000020   Code   RO          367    i.RCC_APB1PeriphResetCmd  stm32f10x_rcc.o
    0x08002208   0x00000020   Code   RO          368    i.RCC_APB2PeriphClockCmd  stm32f10x_rcc.o
    0x08002228   0x00000020   Code   RO          369    i.RCC_APB2PeriphResetCmd  stm32f10x_rcc.o
    0x08002248   0x000000d4   Code   RO          376    i.RCC_GetClocksFreq  stm32f10x_rcc.o
    0x0800231c   0x000000b8   Code   RO         4064    i.SPI1_Init         spi.o
    0x080023d4   0x00000054   Code   RO         4065    i.SPI1_Read_Write_Byte  spi.o
    0x08002428   0x00000018   Code   RO         2296    i.SPI_Cmd           stm32f10x_spi.o
    0x08002440   0x00000012   Code   RO         2304    i.SPI_I2S_GetFlagStatus  stm32f10x_spi.o
    0x08002452   0x00000006   Code   RO         2307    i.SPI_I2S_ReceiveData  stm32f10x_spi.o
    0x08002458   0x00000004   Code   RO         2308    i.SPI_I2S_SendData  stm32f10x_spi.o
    0x0800245c   0x0000003c   Code   RO         2309    i.SPI_Init          stm32f10x_spi.o
    0x08002498   0x00000002   Code   RO         3416    i.SVC_Handler       stm32f10x_it.o
    0x0800249a   0x00000008   Code   RO          186    i.SetSysClock       system_stm32f10x.o
    0x080024a2   0x00000002   PAD
    0x080024a4   0x000000e0   Code   RO          187    i.SetSysClockTo72   system_stm32f10x.o
    0x08002584   0x00000010   Code   RO         3417    i.SysTick_Handler   stm32f10x_it.o
    0x08002594   0x000000a0   Code   RO         3642    i.SystemClock_HSE   sys_fun.o
    0x08002634   0x00000060   Code   RO          189    i.SystemInit        system_stm32f10x.o
    0x08002694   0x00000060   Code   RO         3696    i.TIM4_IRQHandler   tim.o
    0x080026f4   0x00000078   Code   RO         3697    i.TIM4_Init         tim.o
    0x0800276c   0x00000006   Code   RO         2445    i.TIM_ClearFlag     stm32f10x_tim.o
    0x08002772   0x00000006   Code   RO         2446    i.TIM_ClearITPendingBit  stm32f10x_tim.o
    0x08002778   0x00000018   Code   RO         2451    i.TIM_Cmd           stm32f10x_tim.o
    0x08002790   0x000001e8   Code   RO         2456    i.TIM_DeInit        stm32f10x_tim.o
    0x08002978   0x00000022   Code   RO         2472    i.TIM_GetITStatus   stm32f10x_tim.o
    0x0800299a   0x00000012   Code   RO         2476    i.TIM_ITConfig      stm32f10x_tim.o
    0x080029ac   0x000000a4   Code   RO         2522    i.TIM_TimeBaseInit  stm32f10x_tim.o
    0x08002a50   0x00000028   Code   RO         3698    i.TimerNVIC_Configuration  tim.o
    0x08002a78   0x00000022   Code   RO         3501    i.UART1NVIC_Configuration  usart1.o
    0x08002a9a   0x00000002   PAD
    0x08002a9c   0x0000010c   Code   RO         3503    i.UART1_init        usart1.o
    0x08002ba8   0x00000030   Code   RO         3895    i.UART2_Send        usart2.o
    0x08002bd8   0x00000070   Code   RO         3504    i.USART1_IRQHandler  usart1.o
    0x08002c48   0x00000050   Code   RO         3505    i.USART1_Send       usart1.o
    0x08002c98   0x00000034   Code   RO         3506    i.USART1_SendData   usart1.o
    0x08002ccc   0x00000026   Code   RO         3896    i.USART2NVIC_Configuration  usart2.o
    0x08002cf2   0x00000002   PAD
    0x08002cf4   0x000000c4   Code   RO         3897    i.USART2_IRQHandler  usart2.o
    0x08002db8   0x0000008c   Code   RO         3898    i.USART2_Init       usart2.o
    0x08002e44   0x00000012   Code   RO         2983    i.USART_ClearFlag   stm32f10x_usart.o
    0x08002e56   0x0000001e   Code   RO         2984    i.USART_ClearITPendingBit  stm32f10x_usart.o
    0x08002e74   0x00000018   Code   RO         2987    i.USART_Cmd         stm32f10x_usart.o
    0x08002e8c   0x0000001a   Code   RO         2990    i.USART_GetFlagStatus  stm32f10x_usart.o
    0x08002ea6   0x00000054   Code   RO         2991    i.USART_GetITStatus  stm32f10x_usart.o
    0x08002efa   0x0000004a   Code   RO         2993    i.USART_ITConfig    stm32f10x_usart.o
    0x08002f44   0x000000d8   Code   RO         2994    i.USART_Init        stm32f10x_usart.o
    0x0800301c   0x0000000a   Code   RO         3001    i.USART_ReceiveData  stm32f10x_usart.o
    0x08003026   0x00000008   Code   RO         3004    i.USART_SendData    stm32f10x_usart.o
    0x0800302e   0x0000000e   Code   RO         3509    i.UartBuf_Cnt       usart1.o
    0x0800303c   0x00000014   Code   RO         3510    i.UartBuf_RD        usart1.o
    0x08003050   0x00000012   Code   RO         3511    i.UartBuf_WD        usart1.o
    0x08003062   0x00000004   Code   RO         3418    i.UsageFault_Handler  stm32f10x_it.o
    0x08003066   0x00000028   Code   RO         4603    i.__ARM_fpclassify  m_ws.l(fpclassify.o)
    0x0800308e   0x00000026   Code   RO         4605    i.__ARM_fpclassifyf  m_ws.l(fpclassifyf.o)
    0x080030b4   0x00000014   Code   RO         3872    i.__ARM_isinff      filter.o
    0x080030c8   0x0000000e   Code   RO         3877    i.__ARM_isnanf      filter.o
    0x080030d6   0x000000aa   Code   RO         4621    i.__kernel_poly     m_ws.l(poly.o)
    0x08003180   0x00000006   Code   RO         4590    i.__mathlib_dbl_infnan  m_ws.l(dunder.o)
    0x08003186   0x00000004   Code   RO         4591    i.__mathlib_dbl_infnan2  m_ws.l(dunder.o)
    0x0800318a   0x0000000c   Code   RO         4592    i.__mathlib_dbl_invalid  m_ws.l(dunder.o)
    0x08003196   0x00000002   PAD
    0x08003198   0x00000010   Code   RO         4595    i.__mathlib_dbl_underflow  m_ws.l(dunder.o)
    0x080031a8   0x00000006   Code   RO         4608    i.__mathlib_flt_infnan  m_ws.l(funder.o)
    0x080031ae   0x00000004   Code   RO         4609    i.__mathlib_flt_infnan2  m_ws.l(funder.o)
    0x080031b2   0x00000008   Code   RO         4610    i.__mathlib_flt_invalid  m_ws.l(funder.o)
    0x080031ba   0x0000000a   Code   RO         4613    i.__mathlib_flt_underflow  m_ws.l(funder.o)
    0x080031c4   0x00000168   Code   RO         4629    i.__mathlib_rredf2  m_ws.l(rredf.o)
    0x0800332c   0x00000298   Code   RO         4279    i._init             attitude_estimator_q.o
    0x080035c4   0x00000006   Code   RO         3515    i._sys_exit         usart1.o
    0x080035ca   0x00000002   PAD
    0x080035cc   0x00000270   Code   RO         4478    i.asin              m_ws.l(asin.o)
    0x0800383c   0x00000220   Code   RO         4577    i.atan              m_ws.l(atan.o)
    0x08003a5c   0x00000180   Code   RO         4488    i.atan2             m_ws.l(atan2.o)
    0x08003bdc   0x0000025c   Code   RO         4496    i.atan2f            m_ws.l(atan2f.o)
    0x08003e38   0x00000188   Code   RO         4280    i.attitude_estimator_q_main  attitude_estimator_q.o
    0x08003fc0   0x0000017c   Code   RO         4512    i.cosf              m_ws.l(cosf.o)
    0x0800413c   0x00000024   Code   RO         3419    i.cycleCounterInit  stm32f10x_it.o
    0x08004160   0x00000022   Code   RO         3379    i.delay_ms          delay.o
    0x08004182   0x00000018   Code   RO         3380    i.delay_us          delay.o
    0x0800419a   0x00000002   PAD
    0x0800419c   0x0000001c   Code   RO         3516    i.fputc             usart1.o
    0x080041b8   0x0000005c   Code   RO         4281    i.invSqrt           attitude_estimator_q.o
    0x08004214   0x00000074   Code   RO         4282    i.is_finite         attitude_estimator_q.o
    0x08004288   0x00000074   Code   RO         3699    i.loop              tim.o
    0x080042fc   0x000000c4   Code   RO            1    i.main              main.o
    0x080043c0   0x00000024   Code   RO         4283    i.math_constrain    attitude_estimator_q.o
    0x080043e4   0x00000044   Code   RO         3420    i.micros            stm32f10x_it.o
    0x08004428   0x00000090   Code   RO         4285    i.q_normalized      attitude_estimator_q.o
    0x080044b8   0x00000200   Code   RO         4286    i.q_update          attitude_estimator_q.o
    0x080046b8   0x00000022   Code   RO         4287    i.sign              attitude_estimator_q.o
    0x080046da   0x0000004c   Code   RO         4528    i.sqrt              m_ws.l(sqrt.o)
    0x08004726   0x00000002   PAD
    0x08004728   0x00000174   Code   RO         4536    i.tanf              m_ws.l(tanf.o)
    0x0800489c   0x00001038   Code   RO         4288    i.update            attitude_estimator_q.o
    0x080058d4   0x0000007a   Code   RO         4289    i.vector_normalized  attitude_estimator_q.o
    0x0800594e   0x00000002   PAD
    0x08005950   0x00000028   Code   RO         4290    i.wrap_pi           attitude_estimator_q.o
    0x08005978   0x00000062   Code   RO         4415    x$fpl$d2f           fz_ws.l(d2f.o)
    0x080059da   0x00000002   PAD
    0x080059dc   0x00000150   Code   RO         4417    x$fpl$dadd          fz_ws.l(daddsub_clz.o)
    0x08005b2c   0x00000010   Code   RO         4664    x$fpl$dcheck1       fz_ws.l(dcheck1.o)
    0x08005b3c   0x00000018   Code   RO         4553    x$fpl$dcmpinf       fz_ws.l(dcmpi.o)
    0x08005b54   0x000002b0   Code   RO         4424    x$fpl$ddiv          fz_ws.l(ddiv.o)
    0x08005e04   0x0000005e   Code   RO         4427    x$fpl$dfix          fz_ws.l(dfix.o)
    0x08005e62   0x00000002   PAD
    0x08005e64   0x00000078   Code   RO         4441    x$fpl$dleqf         fz_ws.l(dleqf.o)
    0x08005edc   0x00000154   Code   RO         4443    x$fpl$dmul          fz_ws.l(dmul.o)
    0x08006030   0x0000009c   Code   RO         4555    x$fpl$dnaninf       fz_ws.l(dnaninf.o)
    0x080060cc   0x0000000c   Code   RO         4557    x$fpl$dretinf       fz_ws.l(dretinf.o)
    0x080060d8   0x0000006c   Code   RO         4445    x$fpl$drleqf        fz_ws.l(drleqf.o)
    0x08006144   0x00000016   Code   RO         4418    x$fpl$drsb          fz_ws.l(daddsub_clz.o)
    0x0800615a   0x00000002   PAD
    0x0800615c   0x000001cc   Code   RO         4559    x$fpl$dsqrt         fz_ws.l(dsqrt_noumaal.o)
    0x08006328   0x000001d4   Code   RO         4419    x$fpl$dsub          fz_ws.l(daddsub_clz.o)
    0x080064fc   0x00000056   Code   RO         4447    x$fpl$f2d           fz_ws.l(f2d.o)
    0x08006552   0x00000002   PAD
    0x08006554   0x000000c4   Code   RO         4449    x$fpl$fadd          fz_ws.l(faddsub_clz.o)
    0x08006618   0x0000000c   Code   RO         4683    x$fpl$fcheck1       fz_ws.l(fcheck1.o)
    0x08006624   0x00000018   Code   RO         4561    x$fpl$fcmpinf       fz_ws.l(fcmpi.o)
    0x0800663c   0x00000184   Code   RO         4456    x$fpl$fdiv          fz_ws.l(fdiv.o)
    0x080067c0   0x00000068   Code   RO         4459    x$fpl$feqf          fz_ws.l(feqf.o)
    0x08006828   0x00000036   Code   RO         4563    x$fpl$ffix          fz_ws.l(ffix.o)
    0x0800685e   0x00000002   PAD
    0x08006860   0x0000003e   Code   RO         4461    x$fpl$ffixu         fz_ws.l(ffixu.o)
    0x0800689e   0x00000002   PAD
    0x080068a0   0x00000030   Code   RO         4466    x$fpl$fflt          fz_ws.l(fflt_clz.o)
    0x080068d0   0x00000026   Code   RO         4465    x$fpl$ffltu         fz_ws.l(fflt_clz.o)
    0x080068f6   0x00000002   PAD
    0x080068f8   0x00000068   Code   RO         4471    x$fpl$fleqf         fz_ws.l(fleqf.o)
    0x08006960   0x00000102   Code   RO         4473    x$fpl$fmul          fz_ws.l(fmul.o)
    0x08006a62   0x0000008c   Code   RO         4567    x$fpl$fnaninf       fz_ws.l(fnaninf.o)
    0x08006aee   0x0000000a   Code   RO         4569    x$fpl$fretinf       fz_ws.l(fretinf.o)
    0x08006af8   0x00000062   Code   RO         4475    x$fpl$frleqf        fz_ws.l(frleqf.o)
    0x08006b5a   0x00000002   PAD
    0x08006b5c   0x00000060   Code   RO         4571    x$fpl$frnd          fz_ws.l(frnd.o)
    0x08006bbc   0x00000014   Code   RO         4450    x$fpl$frsb          fz_ws.l(faddsub_clz.o)
    0x08006bd0   0x000000ea   Code   RO         4451    x$fpl$fsub          fz_ws.l(faddsub_clz.o)
    0x08006cba   0x00000064   Code   RO         4685    x$fpl$retnan        fz_ws.l(retnan.o)
    0x08006d1e   0x0000005c   Code   RO         4573    x$fpl$scalbn        fz_ws.l(scalbn.o)
    0x08006d7a   0x0000004c   Code   RO         4666    x$fpl$scalbnf       fz_ws.l(scalbnf.o)
    0x08006dc6   0x00000030   Code   RO         4734    x$fpl$trapveneer    fz_ws.l(trapv.o)
    0x08006df6   0x00000000   Code   RO         4575    x$fpl$usenofp       fz_ws.l(usenofp.o)
    0x08006df6   0x00000002   PAD
    0x08006df8   0x00000050   Data   RO         4479    .constdata          m_ws.l(asin.o)
    0x08006e48   0x00000098   Data   RO         4578    .constdata          m_ws.l(atan.o)
    0x08006ee0   0x00000008   Data   RO         4623    .constdata          m_ws.l(qnan.o)
    0x08006ee8   0x00000020   Data   RO         4630    .constdata          m_ws.l(rredf.o)
    0x08006f08   0x00000020   Data   RO         4808    Region$$Table       anon$$obj.o


    Execution Region ER_RW (Base: 0x20000000, Size: 0x00000218, Max: 0xffffffff, ABSOLUTE, COMPRESSED[0x00000028])

    Base Addr    Size         Type   Attr      Idx    E Section Name        Object

    0x20000000   0x00000006   Data   RW            3    .data               main.o
    0x20000006   0x00000002   PAD
    0x20000008   0x00000014   Data   RW          190    .data               system_stm32f10x.o
    0x2000001c   0x00000014   Data   RW          396    .data               stm32f10x_rcc.o
    0x20000030   0x00000008   Data   RW         3422    .data               stm32f10x_it.o
    0x20000038   0x00000008   Data   RW         3521    .data               usart1.o
    0x20000040   0x00000001   Data   RW         3644    .data               sys_fun.o
    0x20000041   0x00000005   Data   RW         3700    .data               tim.o
    0x20000046   0x00000002   PAD
    0x20000048   0x000000c0   Data   RW         3802    .data               filter.o
    0x20000108   0x00000040   Data   RW         3900    .data               usart2.o
    0x20000148   0x00000004   Data   RW         4148    .data               mpu6500_spi.o
    0x2000014c   0x00000020   Data   RW         4205    .data               u_100.o
    0x2000016c   0x00000004   PAD
    0x20000170   0x00000084   Data   RW         4259    .data               gps.o
    0x200001f4   0x00000024   Data   RW         4292    .data               attitude_estimator_q.o


    Execution Region ER_ZI (Base: 0x20000218, Size: 0x00000b38, Max: 0xffffffff, ABSOLUTE)

    Base Addr    Size         Type   Attr      Idx    E Section Name        Object

    0x20000218   0x00000110   Zero   RW            2    .bss                main.o
    0x20000328   0x00000196   Zero   RW         3520    .bss                usart1.o
    0x200004be   0x00000130   Zero   RW         3899    .bss                usart2.o
    0x200005ee   0x00000042   Zero   RW         4090    .bss                hmc5983_spi.o
    0x20000630   0x00000078   Zero   RW         4147    .bss                mpu6500_spi.o
    0x200006a8   0x0000000c   Zero   RW         4258    .bss                gps.o
    0x200006b4   0x0000003c   Zero   RW         4291    .bss                attitude_estimator_q.o
    0x200006f0   0x00000060   Zero   RW         4669    .bss                c_w.l(libspace.o)
    0x20000750   0x00000200   Zero   RW          240    HEAP                startup_stm32f10x_hd.o
    0x20000950   0x00000400   Zero   RW          239    STACK               startup_stm32f10x_hd.o


==============================================================================

Image component sizes


      Code (inc. data)   RO Data    RW Data    ZI Data      Debug   Object Name

      7104        254          0         36         60       9131   attitude_estimator_q.o
         0          0          0          0          0         32   core_cm3.o
        58          0          0          0          0        966   delay.o
      3166        428          0        192          0      11168   filter.o
        88          6          0          0          0        495   gpio.o
         0          0          0        132         12       1563   gps.o
       848        124          0          0         66       5185   hmc5983_spi.o
         0          0          0          0          0       1357   iic.o
       196         26          0          6        272     280884   main.o
       132         22          0          0          0       1655   misc.o
       870        116          0          4        120       4256   mpu6500_spi.o
       268         20          0          0          0       1219   spi.o
        64         26        304          0       1536        892   startup_stm32f10x_hd.o
       200         18          0          0          0       2248   stm32f10x_exti.o
       350          4          0          0          0       3822   stm32f10x_gpio.o
       144         24          0          8          0       5282   stm32f10x_it.o
       340         44          0         20          0       5816   stm32f10x_rcc.o
       112          0          0          0          0       4034   stm32f10x_spi.o
       740        106          0          0          0       5147   stm32f10x_tim.o
       490          6          0          0          0       7653   stm32f10x_usart.o
       272         26          0          1          0       1720   sys_fun.o
       328         28          0         20          0       2541   system_stm32f10x.o
       428         88          0          5          0       4463   tim.o
       374         42          0         32          0       2600   u_100.o
      1336         92          0          8        406       9615   usart1.o
       422         46          0         64        304       3727   usart2.o

    ----------------------------------------------------------------------
     18354       1546        336        536       2776     377471   Object Totals
         0          0         32          0          0          0   (incl. Generated)
        24          0          0          8          0          0   (incl. Padding)

    ----------------------------------------------------------------------

      Code (inc. data)   RO Data    RW Data    ZI Data      Debug   Library Member Name

        90          0          0          0          0          0   __dczerorl2.o
         8          0          0          0          0         68   __main.o
       104          0          0          0          0         84   __printf.o
         0          0          0          0          0          0   __rtentry.o
        12          0          0          0          0          0   __rtentry2.o
         6          0          0          0          0          0   __rtentry4.o
        52          8          0          0          0          0   __scatter.o
        28          0          0          0          0          0   __scatter_zi.o
        48          6          0          0          0         96   _printf_char_common.o
        36          4          0          0          0         80   _printf_char_file.o
         0          0          0          0          0          0   _printf_percent.o
         4          0          0          0          0          0   _printf_percent_end.o
        22          0          0          0          0        100   _rserrno.o
        12          0          0          0          0         72   exit.o
         8          0          0          0          0         68   ferror.o
         6          0          0          0          0        152   heapauxi.o
         2          0          0          0          0          0   libinit.o
         2          0          0          0          0          0   libinit2.o
         2          0          0          0          0          0   libshutdown.o
         2          0          0          0          0          0   libshutdown2.o
         8          4          0          0         96         68   libspace.o
        24          4          0          0          0         84   noretval__2printf.o
         8          4          0          0          0         68   rt_errno_addr_intlibspace.o
         2          0          0          0          0          0   rtexit.o
        10          0          0          0          0          0   rtexit2.o
        74          0          0          0          0         80   sys_stackheap_outer.o
         2          0          0          0          0         68   use_no_semi.o
         2          0          0          0          0         68   use_no_semi_2.o
        98          4          0          0          0         92   d2f.o
       826         16          0          0          0        348   daddsub_clz.o
        16          4          0          0          0         68   dcheck1.o
        24          0          0          0          0         68   dcmpi.o
       688        140          0          0          0        208   ddiv.o
        94          4          0          0          0         92   dfix.o
       120          4          0          0          0         92   dleqf.o
       340         12          0          0          0        104   dmul.o
       156          4          0          0          0         92   dnaninf.o
        12          0          0          0          0         68   dretinf.o
       108          0          0          0          0         80   drleqf.o
       460         56          0          0          0        120   dsqrt_noumaal.o
        86          4          0          0          0         84   f2d.o
       450          8          0          0          0        236   faddsub_clz.o
        12          4          0          0          0         68   fcheck1.o
        24          0          0          0          0         68   fcmpi.o
       388         76          0          0          0         96   fdiv.o
       104          4          0          0          0         84   feqf.o
        54          4          0          0          0         84   ffix.o
        62          4          0          0          0         84   ffixu.o
        86          0          0          0          0        136   fflt_clz.o
       104          4          0          0          0         84   fleqf.o
       258          4          0          0          0         84   fmul.o
       140          4          0          0          0         84   fnaninf.o
        10          0          0          0          0         68   fretinf.o
        98          0          0          0          0         68   frleqf.o
        96          4          0          0          0         76   frnd.o
       100          0          0          0          0         68   retnan.o
        92          0          0          0          0         68   scalbn.o
        76          0          0          0          0         68   scalbnf.o
        48          0          0          0          0         68   trapv.o
         0          0          0          0          0          0   usenofp.o
       624         52         80          0          0        168   asin.o
       544         70        152          0          0        124   atan.o
       384         38          0          0          0        144   atan2.o
       604         76          0          0          0        116   atan2f.o
       380         52          0          0          0        124   cosf.o
        38          6          0          0          0        272   dunder.o
        40          0          0          0          0         68   fpclassify.o
        38          0          0          0          0         68   fpclassifyf.o
        28          0          0          0          0        272   funder.o
       170          0          0          0          0         96   poly.o
         0          0          8          0          0          0   qnan.o
       360         16         32          0          0         88   rredf.o
        76          0          0          0          0         84   sqrt.o
       372         58          0          0          0        124   tanf.o

    ----------------------------------------------------------------------
      9494        762        272          0         96       6012   Library Totals
        32          0          0          0          0          0   (incl. Padding)

    ----------------------------------------------------------------------

      Code (inc. data)   RO Data    RW Data    ZI Data      Debug   Library Name

       574         30          0          0         96       1156   c_w.l
      5230        364          0          0          0       3108   fz_ws.l
      3658        368        272          0          0       1748   m_ws.l

    ----------------------------------------------------------------------
      9494        762        272          0         96       6012   Library Totals

    ----------------------------------------------------------------------

==============================================================================


      Code (inc. data)   RO Data    RW Data    ZI Data      Debug   

     27848       2308        608        536       2872     373703   Grand Totals
     27848       2308        608         40       2872     373703   ELF Image Totals (compressed)
     27848       2308        608         40          0          0   ROM Totals

==============================================================================

    Total RO  Size (Code + RO Data)                28456 (  27.79kB)
    Total RW  Size (RW Data + ZI Data)              3408 (   3.33kB)
    Total ROM Size (Code + RO Data + RW Data)      28496 (  27.83kB)

==============================================================================

